Archive member included to satisfy reference by file (symbol)

/Users/vnz/Desktop/TinyScrubCam/tinyscrubcam/googleCoral/coralmicro/third_party/toolchain-mac/gcc-arm-none-eabi-9-2020-q2-update/bin/../lib/gcc/arm-none-eabi/9.3.1/thumb/v7e-m+dp/hard/libgcc.a(_aeabi_ldivmod.o)
                              CMakeFiles/flashloader.dir/__/__/__/third_party/nxp/rt1176-sdk/devices/MIMXRT1176/drivers/fsl_lpspi.c.obj (__aeabi_ldivmod)
/Users/vnz/Desktop/TinyScrubCam/tinyscrubcam/googleCoral/coralmicro/third_party/toolchain-mac/gcc-arm-none-eabi-9-2020-q2-update/bin/../lib/gcc/arm-none-eabi/9.3.1/thumb/v7e-m+dp/hard/libgcc.a(_aeabi_uldivmod.o)
                              CMakeFiles/flashloader.dir/__/__/__/third_party/nxp/rt1176-sdk/devices/MIMXRT1176/drivers/fsl_common_arm.c.obj (__aeabi_uldivmod)
/Users/vnz/Desktop/TinyScrubCam/tinyscrubcam/googleCoral/coralmicro/third_party/toolchain-mac/gcc-arm-none-eabi-9-2020-q2-update/bin/../lib/gcc/arm-none-eabi/9.3.1/thumb/v7e-m+dp/hard/libgcc.a(_udivmoddi4.o)
                              /Users/vnz/Desktop/TinyScrubCam/tinyscrubcam/googleCoral/coralmicro/third_party/toolchain-mac/gcc-arm-none-eabi-9-2020-q2-update/bin/../lib/gcc/arm-none-eabi/9.3.1/thumb/v7e-m+dp/hard/libgcc.a(_aeabi_ldivmod.o) (__udivmoddi4)
/Users/vnz/Desktop/TinyScrubCam/tinyscrubcam/googleCoral/coralmicro/third_party/toolchain-mac/gcc-arm-none-eabi-9-2020-q2-update/bin/../lib/gcc/arm-none-eabi/9.3.1/thumb/v7e-m+dp/hard/libgcc.a(_dvmd_tls.o)
                              /Users/vnz/Desktop/TinyScrubCam/tinyscrubcam/googleCoral/coralmicro/third_party/toolchain-mac/gcc-arm-none-eabi-9-2020-q2-update/bin/../lib/gcc/arm-none-eabi/9.3.1/thumb/v7e-m+dp/hard/libgcc.a(_aeabi_ldivmod.o) (__aeabi_ldiv0)
/Users/vnz/Desktop/TinyScrubCam/tinyscrubcam/googleCoral/coralmicro/third_party/toolchain-mac/gcc-arm-none-eabi-9-2020-q2-update/bin/../lib/gcc/arm-none-eabi/9.3.1/../../../../arm-none-eabi/lib/thumb/v7e-m+dp/hard/libg_nano.a(lib_a-init.o)
                              /Users/vnz/Desktop/TinyScrubCam/tinyscrubcam/googleCoral/coralmicro/third_party/toolchain-mac/gcc-arm-none-eabi-9-2020-q2-update/bin/../lib/gcc/arm-none-eabi/9.3.1/../../../../arm-none-eabi/lib/thumb/v7e-m+dp/hard/crt0.o (__libc_init_array)
/Users/vnz/Desktop/TinyScrubCam/tinyscrubcam/googleCoral/coralmicro/third_party/toolchain-mac/gcc-arm-none-eabi-9-2020-q2-update/bin/../lib/gcc/arm-none-eabi/9.3.1/../../../../arm-none-eabi/lib/thumb/v7e-m+dp/hard/libg_nano.a(lib_a-malloc.o)
                              CMakeFiles/flashloader.dir/__/__/__/third_party/nxp/rt1176-sdk/components/osa/fsl_os_abstraction_bm.c.obj (malloc)
/Users/vnz/Desktop/TinyScrubCam/tinyscrubcam/googleCoral/coralmicro/third_party/toolchain-mac/gcc-arm-none-eabi-9-2020-q2-update/bin/../lib/gcc/arm-none-eabi/9.3.1/../../../../arm-none-eabi/lib/thumb/v7e-m+dp/hard/libg_nano.a(lib_a-memcmp.o)
                              CMakeFiles/flashloader.dir/__/__/__/third_party/nxp/rt1176-sdk/middleware/mcu-boot/src/drivers/flexspi_nor/flexspi_nor_flash.c.obj (memcmp)
/Users/vnz/Desktop/TinyScrubCam/tinyscrubcam/googleCoral/coralmicro/third_party/toolchain-mac/gcc-arm-none-eabi-9-2020-q2-update/bin/../lib/gcc/arm-none-eabi/9.3.1/../../../../arm-none-eabi/lib/thumb/v7e-m+dp/hard/libg_nano.a(lib_a-memcpy-stub.o)
                              CMakeFiles/flashloader.dir/__/__/__/third_party/nxp/rt1176-sdk/middleware/mcu-boot/src/authentication/key_store_puf.c.obj (memcpy)
/Users/vnz/Desktop/TinyScrubCam/tinyscrubcam/googleCoral/coralmicro/third_party/toolchain-mac/gcc-arm-none-eabi-9-2020-q2-update/bin/../lib/gcc/arm-none-eabi/9.3.1/../../../../arm-none-eabi/lib/thumb/v7e-m+dp/hard/libg_nano.a(lib_a-memset.o)
                              /Users/vnz/Desktop/TinyScrubCam/tinyscrubcam/googleCoral/coralmicro/third_party/toolchain-mac/gcc-arm-none-eabi-9-2020-q2-update/bin/../lib/gcc/arm-none-eabi/9.3.1/../../../../arm-none-eabi/lib/thumb/v7e-m+dp/hard/crt0.o (memset)
/Users/vnz/Desktop/TinyScrubCam/tinyscrubcam/googleCoral/coralmicro/third_party/toolchain-mac/gcc-arm-none-eabi-9-2020-q2-update/bin/../lib/gcc/arm-none-eabi/9.3.1/../../../../arm-none-eabi/lib/thumb/v7e-m+dp/hard/libg_nano.a(lib_a-nano-freer.o)
                              /Users/vnz/Desktop/TinyScrubCam/tinyscrubcam/googleCoral/coralmicro/third_party/toolchain-mac/gcc-arm-none-eabi-9-2020-q2-update/bin/../lib/gcc/arm-none-eabi/9.3.1/../../../../arm-none-eabi/lib/thumb/v7e-m+dp/hard/libg_nano.a(lib_a-malloc.o) (_free_r)
/Users/vnz/Desktop/TinyScrubCam/tinyscrubcam/googleCoral/coralmicro/third_party/toolchain-mac/gcc-arm-none-eabi-9-2020-q2-update/bin/../lib/gcc/arm-none-eabi/9.3.1/../../../../arm-none-eabi/lib/thumb/v7e-m+dp/hard/libg_nano.a(lib_a-nano-mallocr.o)
[...]
Memory Configuration

Name             Origin             Length             Attributes
m_interrupts     0x0000000020250000 0x0000000000000400 xr
m_text           0x0000000020250400 0x000000000001dc00 xr
m_data           0x0000000020270000 0x0000000000010000 rw
*default*        0x0000000000000000 0xffffffffffffffff

Linker script and memory map

LOAD /Users/vnz/Desktop/TinyScrubCam/tinyscrubcam/googleCoral/coralmicro/third_party/toolchain-mac/gcc-arm-none-eabi-9-2020-q2-update/bin/../lib/gcc/arm-none-eabi/9.3.1/thumb/v7e-m+dp/hard/crti.o
LOAD /Users/vnz/Desktop/TinyScrubCam/tinyscrubcam/googleCoral/coralmicro/third_party/toolchain-mac/gcc-arm-none-eabi-9-2020-q2-update/bin/../lib/gcc/arm-none-eabi/9.3.1/thumb/v7e-m+dp/hard/crtbegin.o
LOAD /Users/vnz/Desktop/TinyScrubCam/tinyscrubcam/googleCoral/coralmicro/third_party/toolchain-mac/gcc-arm-none-eabi-9-2020-q2-update/bin/../lib/gcc/arm-none-eabi/9.3.1/../../../../arm-none-eabi/lib/thumb/v7e-m+dp/hard/crt0.o
                0x0000000000000001                __use_shmem__ = 0x1
LOAD CMakeFiles/flashloader.dir/__/__/__/third_party/nxp/rt1176-sdk/boards/evkmimxrt1170/bootloader_examples/flashloader/cm7/pin_mux.c.obj
LOAD CMakeFiles/flashloader.dir/__/__/__/third_party/nxp/rt1176-sdk/boards/evkmimxrt1170/bootloader_examples/flashloader/cm7/usb_device_ch9.c.obj
LOAD CMakeFiles/flashloader.dir/__/__/__/third_party/nxp/rt1176-sdk/boards/evkmimxrt1170/bootloader_examples/flashloader/cm7/usb_device_class.c.obj
LOAD CMakeFiles/flashloader.dir/__/__/__/third_party/nxp/rt1176-sdk/boards/evkmimxrt1170/bootloader_examples/flashloader/cm7/usb_device_hid.c.obj
LOAD CMakeFiles/flashloader.dir/__/__/__/third_party/nxp/rt1176-sdk/components/lists/fsl_component_generic_list.c.obj
LOAD CMakeFiles/flashloader.dir/__/__/__/third_party/nxp/rt1176-sdk/components/osa/fsl_os_abstraction_bm.c.obj
LOAD CMakeFiles/flashloader.dir/__/__/__/third_party/nxp/rt1176-sdk/devices/MIMXRT1176/drivers/fsl_anatop_ai.c.obj
LOAD CMakeFiles/flashloader.dir/__/__/__/third_party/nxp/rt1176-sdk/devices/MIMXRT1176/drivers/fsl_clock.c.obj
LOAD CMakeFiles/flashloader.dir/__/__/__/third_party/nxp/rt1176-sdk/devices/MIMXRT1176/drivers/fsl_common.c.obj
LOAD CMakeFiles/flashloader.dir/__/__/__/third_party/nxp/rt1176-sdk/devices/MIMXRT1176/drivers/fsl_common_arm.c.obj
LOAD CMakeFiles/flashloader.dir/__/__/__/third_party/nxp/rt1176-sdk/devices/MIMXRT1176/drivers/fsl_gpio.c.obj
LOAD CMakeFiles/flashloader.dir/__/__/__/third_party/nxp/rt1176-sdk/devices/MIMXRT1176/drivers/fsl_lpspi.c.obj
LOAD CMakeFiles/flashloader.dir/__/__/__/third_party/nxp/rt1176-sdk/devices/MIMXRT1176/drivers/fsl_lpuart.c.obj
LOAD CMakeFiles/flashloader.dir/__/__/__/third_party/nxp/rt1176-sdk/devices/MIMXRT1176/drivers/fsl_pmu.c.obj
LOAD CMakeFiles/flashloader.dir/__/__/__/third_party/nxp/rt1176-sdk/middleware/mcu-boot/src/authentication/key_store_puf.c.obj
LOAD CMakeFiles/flashloader.dir/__/__/__/third_party/nxp/rt1176-sdk/middleware/mcu-boot/src/autobaud/src/autobaud_irq.c.obj
LOAD CMakeFiles/flashloader.dir/__/__/__/third_party/nxp/rt1176-sdk/middleware/mcu-boot/src/bm_usb/composite.c.obj
LOAD CMakeFiles/flashloader.dir/__/__/__/third_party/nxp/rt1176-sdk/middleware/mcu-boot/src/bm_usb/hid_bootloader.c.obj
LOAD CMakeFiles/flashloader.dir/__/__/__/third_party/nxp/rt1176-sdk/middleware/mcu-boot/src/bm_usb/usb_descriptor.c.obj
LOAD CMakeFiles/flashloader.dir/__/__/__/third_party/nxp/rt1176-sdk/middleware/mcu-boot/src/bootloader/src/bl_app_crc_check.c.obj
LOAD CMakeFiles/flashloader.dir/__/__/__/third_party/nxp/rt1176-sdk/middleware/mcu-boot/src/bootloader/src/bl_command.c.obj
LOAD CMakeFiles/flashloader.dir/__/__/__/third_party/nxp/rt1176-sdk/middleware/mcu-boot/src/bootloader/src/bl_context.c.obj
LOAD CMakeFiles/flashloader.dir/__/__/__/third_party/nxp/rt1176-sdk/middleware/mcu-boot/src/bootloader/src/bl_exception_handler.c.obj
LOAD CMakeFiles/flashloader.dir/__/__/__/third_party/nxp/rt1176-sdk/middleware/mcu-boot/src/bootloader/src/bl_main.c.obj
LOAD CMakeFiles/flashloader.dir/__/__/__/third_party/nxp/rt1176-sdk/middleware/mcu-boot/src/bootloader/src/bl_misc.c.obj
LOAD CMakeFiles/flashloader.dir/__/__/__/third_party/nxp/rt1176-sdk/middleware/mcu-boot/src/bootloader/src/bl_shutdown_cleanup.c.obj
LOAD CMakeFiles/flashloader.dir/__/__/__/third_party/nxp/rt1176-sdk/middleware/mcu-boot/src/bootloader/src/bl_tree_root.c.obj
LOAD CMakeFiles/flashloader.dir/__/__/__/third_party/nxp/rt1176-sdk/middleware/mcu-boot/src/bootloader/src/bl_user_entry.c.obj
LOAD CMakeFiles/flashloader.dir/__/__/__/third_party/nxp/rt1176-sdk/middleware/mcu-boot/src/bootloader/src/lpuart_peripheral_interface.c.obj
LOAD CMakeFiles/flashloader.dir/__/__/__/third_party/nxp/rt1176-sdk/middleware/mcu-boot/src/bootloader/src/usb_hid_msc_peripheral_interface.c.obj
LOAD CMakeFiles/flashloader.dir/__/__/__/third_party/nxp/rt1176-sdk/middleware/mcu-boot/src/crc/src/crc16.c.obj
LOAD CMakeFiles/flashloader.dir/__/__/__/third_party/nxp/rt1176-sdk/middleware/mcu-boot/src/crc/src/crc32.c.obj
LOAD CMakeFiles/flashloader.dir/__/__/__/third_party/nxp/rt1176-sdk/middleware/mcu-boot/src/drivers/flexspi/bl_flexspi.c.obj
LOAD CMakeFiles/flashloader.dir/__/__/__/third_party/nxp/rt1176-sdk/middleware/mcu-boot/src/drivers/flexspi_nand/flexspi_nand_flash.c.obj
LOAD CMakeFiles/flashloader.dir/__/__/__/third_party/nxp/rt1176-sdk/middleware/mcu-boot/src/drivers/flexspi_nor/flexspi_nor_flash.c.obj
LOAD CMakeFiles/flashloader.dir/__/__/__/third_party/nxp/rt1176-sdk/middleware/mcu-boot/src/drivers/microseconds/src/microseconds_pit.c.obj
LOAD CMakeFiles/flashloader.dir/__/__/__/third_party/nxp/rt1176-sdk/middleware/mcu-boot/src/drivers/nand_ecc/nand_ecc.c.obj
LOAD CMakeFiles/flashloader.dir/__/__/__/third_party/nxp/rt1176-sdk/middleware/mcu-boot/src/drivers/ocotp/bl_ocotp.c.obj
LOAD CMakeFiles/flashloader.dir/__/__/__/third_party/nxp/rt1176-sdk/middleware/mcu-boot/src/drivers/sdmmc/port/usdhc/polling/fsl_sdmmc_host.c.obj
LOAD CMakeFiles/flashloader.dir/__/__/__/third_party/nxp/rt1176-sdk/middleware/mcu-boot/src/drivers/sdmmc/src/fsl_mmc.c.obj
LOAD CMakeFiles/flashloader.dir/__/__/__/third_party/nxp/rt1176-sdk/middleware/mcu-boot/src/drivers/sdmmc/src/fsl_sd.c.obj
LOAD CMakeFiles/flashloader.dir/__/__/__/third_party/nxp/rt1176-sdk/middleware/mcu-boot/src/drivers/sdmmc/src/fsl_sdmmc_common.c.obj
LOAD CMakeFiles/flashloader.dir/__/__/__/third_party/nxp/rt1176-sdk/middleware/mcu-boot/src/drivers/semc/bl_semc.c.obj
LOAD CMakeFiles/flashloader.dir/__/__/__/third_party/nxp/rt1176-sdk/middleware/mcu-boot/src/drivers/semc_nand/semc_nand_flash.c.obj
LOAD CMakeFiles/flashloader.dir/__/__/__/third_party/nxp/rt1176-sdk/middleware/mcu-boot/src/drivers/serial_nor_eeprom/serial_nor_eeprom.c.obj
LOAD CMakeFiles/flashloader.dir/__/__/__/third_party/nxp/rt1176-sdk/middleware/mcu-boot/src/drivers/usdhc/bl_usdhc.c.obj
LOAD CMakeFiles/flashloader.dir/__/__/__/third_party/nxp/rt1176-sdk/middleware/mcu-boot/src/memory/src/flexspi_nor_memory.c.obj
LOAD CMakeFiles/flashloader.dir/__/__/__/third_party/nxp/rt1176-sdk/middleware/mcu-boot/src/memory/src/memory.c.obj
LOAD CMakeFiles/flashloader.dir/__/__/__/third_party/nxp/rt1176-sdk/middleware/mcu-boot/src/memory/src/mmc_memory.c.obj
LOAD CMakeFiles/flashloader.dir/__/__/__/third_party/nxp/rt1176-sdk/middleware/mcu-boot/src/memory/src/normal_memory.c.obj
LOAD CMakeFiles/flashloader.dir/__/__/__/third_party/nxp/rt1176-sdk/middleware/mcu-boot/src/memory/src/pattern_fill_gcc.S.obj
LOAD CMakeFiles/flashloader.dir/__/__/__/third_party/nxp/rt1176-sdk/middleware/mcu-boot/src/memory/src/sd_memory.c.obj
LOAD CMakeFiles/flashloader.dir/__/__/__/third_party/nxp/rt1176-sdk/middleware/mcu-boot/src/memory/src/semc_nand_memory.c.obj
LOAD CMakeFiles/flashloader.dir/__/__/__/third_party/nxp/rt1176-sdk/middleware/mcu-boot/src/memory/src/spi_nor_eeprom_memory.c.obj
LOAD CMakeFiles/flashloader.dir/__/__/__/third_party/nxp/rt1176-sdk/middleware/mcu-boot/src/memory/src/spinand_memory.c.obj
LOAD CMakeFiles/flashloader.dir/__/__/__/third_party/nxp/rt1176-sdk/middleware/mcu-boot/src/packet/src/serial_packet.c.obj
LOAD CMakeFiles/flashloader.dir/__/__/__/third_party/nxp/rt1176-sdk/middleware/mcu-boot/src/property/src/property_imx.c.obj
LOAD CMakeFiles/flashloader.dir/__/__/__/third_party/nxp/rt1176-sdk/middleware/mcu-boot/src/sbloader/src/sbloader.c.obj
LOAD CMakeFiles/flashloader.dir/__/__/__/third_party/nxp/rt1176-sdk/middleware/mcu-boot/src/security/keyblob/src/keyblob.c.obj
LOAD CMakeFiles/flashloader.dir/__/__/__/third_party/nxp/rt1176-sdk/middleware/mcu-boot/src/security/keyblob/src/keyblob_caam.c.obj
LOAD CMakeFiles/flashloader.dir/__/__/__/third_party/nxp/rt1176-sdk/middleware/mcu-boot/src/startup/crt0_gcc.S.obj
LOAD CMakeFiles/flashloader.dir/__/__/__/third_party/nxp/rt1176-sdk/middleware/mcu-boot/src/startup/startup.c.obj
LOAD CMakeFiles/flashloader.dir/__/__/__/third_party/nxp/rt1176-sdk/middleware/mcu-boot/src/utilities/src/debug_util.c.obj
LOAD CMakeFiles/flashloader.dir/__/__/__/third_party/nxp/rt1176-sdk/middleware/mcu-boot/src/utilities/src/fsl_assert.c.obj
LOAD CMakeFiles/flashloader.dir/__/__/__/third_party/nxp/rt1176-sdk/middleware/mcu-boot/src/utilities/src/fsl_rtos_abstraction.c.obj
LOAD CMakeFiles/flashloader.dir/__/__/__/third_party/nxp/rt1176-sdk/middleware/mcu-boot/targets/MIMXRT1176/src/bl_lpuart_irq_config_MIMXRT1176.c.obj
LOAD CMakeFiles/flashloader.dir/__/__/__/third_party/nxp/rt1176-sdk/middleware/mcu-boot/targets/MIMXRT1176/src/clock_cfg_MIMXRT1176.c.obj
LOAD CMakeFiles/flashloader.dir/__/__/__/third_party/nxp/rt1176-sdk/middleware/mcu-boot/targets/MIMXRT1176/src/external_memory_property_map_MIMXRT1176.c.obj
LOAD CMakeFiles/flashloader.dir/__/__/__/third_party/nxp/rt1176-sdk/middleware/mcu-boot/targets/MIMXRT1176/src/flexspi_config_MIMXRT1176.c.obj
LOAD CMakeFiles/flashloader.dir/__/__/__/third_party/nxp/rt1176-sdk/middleware/mcu-boot/targets/MIMXRT1176/src/flexspi_nand_config_MIMXRT1176.c.obj
LOAD CMakeFiles/flashloader.dir/__/__/__/third_party/nxp/rt1176-sdk/middleware/mcu-boot/targets/MIMXRT1176/src/hardware_init_MIMXRT1176.c.obj
LOAD CMakeFiles/flashloader.dir/__/__/__/third_party/nxp/rt1176-sdk/middleware/mcu-boot/targets/MIMXRT1176/src/memory_map_MIMXRT1176.c.obj
LOAD CMakeFiles/flashloader.dir/__/__/__/third_party/nxp/rt1176-sdk/middleware/mcu-boot/targets/MIMXRT1176/src/periph_MIMXRT1176.c.obj
LOAD CMakeFiles/flashloader.dir/__/__/__/third_party/nxp/rt1176-sdk/middleware/mcu-boot/targets/MIMXRT1176/src/sdmmc_config_MIMXRT1176.c.obj
LOAD CMakeFiles/flashloader.dir/__/__/__/third_party/nxp/rt1176-sdk/middleware/mcu-boot/targets/MIMXRT1176/src/sdmmc_convert_MIMXRT1176.c.obj
LOAD CMakeFiles/flashloader.dir/__/__/__/third_party/nxp/rt1176-sdk/middleware/mcu-boot/targets/MIMXRT1176/src/security_config_MIMXRT1176.c.obj
LOAD CMakeFiles/flashloader.dir/__/__/__/third_party/nxp/rt1176-sdk/middleware/mcu-boot/targets/MIMXRT1176/src/semc_nand_config_MIMXRT1176.c.obj
LOAD CMakeFiles/flashloader.dir/__/__/__/third_party/nxp/rt1176-sdk/middleware/mcu-boot/targets/MIMXRT1176/src/sram_init_MIMXRT1176.c.obj
LOAD CMakeFiles/flashloader.dir/__/__/__/third_party/nxp/rt1176-sdk/middleware/mcu-boot/targets/MIMXRT1176/src/startup/gcc/startup_MIMXRT1176_cm7.S.obj
LOAD CMakeFiles/flashloader.dir/__/__/__/third_party/nxp/rt1176-sdk/middleware/mcu-boot/targets/MIMXRT1176/src/startup/system_MIMXRT1176_cm7.c.obj
LOAD CMakeFiles/flashloader.dir/__/__/__/third_party/nxp/rt1176-sdk/middleware/mcu-boot/targets/common/src/pinmux_utility_imxrt_series.c.obj
LOAD CMakeFiles/flashloader.dir/__/__/__/third_party/nxp/rt1176-sdk/middleware/usb/device/usb_device_dci.c.obj
LOAD CMakeFiles/flashloader.dir/__/__/__/third_party/nxp/rt1176-sdk/middleware/usb/device/usb_device_ehci.c.obj
LOAD CMakeFiles/flashloader.dir/__/__/__/third_party/nxp/rt1176-sdk/middleware/usb/phy/usb_phy.c.obj
LOAD CMakeFiles/flashloader.dir/__/__/__/third_party/nxp/rt1176-sdk/platform/drivers/puf/fsl_puf.c.obj
START GROUP
LOAD /Users/vnz/Desktop/TinyScrubCam/tinyscrubcam/googleCoral/coralmicro/third_party/toolchain-mac/gcc-arm-none-eabi-9-2020-q2-update/bin/../lib/gcc/arm-none-eabi/9.3.1/thumb/v7e-m+dp/hard/libgcc.a
LOAD /Users/vnz/Desktop/TinyScrubCam/tinyscrubcam/googleCoral/coralmicro/third_party/toolchain-mac/gcc-arm-none-eabi-9-2020-q2-update/bin/../lib/gcc/arm-none-eabi/9.3.1/../../../../arm-none-eabi/lib/thumb/v7e-m+dp/hard/libg_nano.a
LOAD /Users/vnz/Desktop/TinyScrubCam/tinyscrubcam/googleCoral/coralmicro/third_party/toolchain-mac/gcc-arm-none-eabi-9-2020-q2-update/bin/../lib/gcc/arm-none-eabi/9.3.1/../../../../arm-none-eabi/lib/thumb/v7e-m+dp/hard/libc_nano.a
END GROUP
START GROUP
LOAD /Users/vnz/Desktop/TinyScrubCam/tinyscrubcam/googleCoral/coralmicro/third_party/toolchain-mac/gcc-arm-none-eabi-9-2020-q2-update/bin/../lib/gcc/arm-none-eabi/9.3.1/thumb/v7e-m+dp/hard/libgcc.a
LOAD /Users/vnz/Desktop/TinyScrubCam/tinyscrubcam/googleCoral/coralmicro/third_party/toolchain-mac/gcc-arm-none-eabi-9-2020-q2-update/bin/../lib/gcc/arm-none-eabi/9.3.1/../../../../arm-none-eabi/lib/thumb/v7e-m+dp/hard/libc_nano.a
LOAD /Users/vnz/Desktop/TinyScrubCam/tinyscrubcam/googleCoral/coralmicro/third_party/toolchain-mac/gcc-arm-none-eabi-9-2020-q2-update/bin/../lib/gcc/arm-none-eabi/9.3.1/../../../../arm-none-eabi/lib/thumb/v7e-m+dp/hard/libnosys.a
END GROUP
START GROUP
LOAD /Users/vnz/Desktop/TinyScrubCam/tinyscrubcam/googleCoral/coralmicro/third_party/toolchain-mac/gcc-arm-none-eabi-9-2020-q2-update/bin/../lib/gcc/arm-none-eabi/9.3.1/thumb/v7e-m+dp/hard/libgcc.a
LOAD /Users/vnz/Desktop/TinyScrubCam/tinyscrubcam/googleCoral/coralmicro/third_party/toolchain-mac/gcc-arm-none-eabi-9-2020-q2-update/bin/../lib/gcc/arm-none-eabi/9.3.1/../../../../arm-none-eabi/lib/thumb/v7e-m+dp/hard/libc_nano.a
LOAD /Users/vnz/Desktop/TinyScrubCam/tinyscrubcam/googleCoral/coralmicro/third_party/toolchain-mac/gcc-arm-none-eabi-9-2020-q2-update/bin/../lib/gcc/arm-none-eabi/9.3.1/../../../../arm-none-eabi/lib/thumb/v7e-m+dp/hard/libnosys.a
END GROUP
LOAD /Users/vnz/Desktop/TinyScrubCam/tinyscrubcam/googleCoral/coralmicro/third_party/toolchain-mac/gcc-arm-none-eabi-9-2020-q2-update/bin/../lib/gcc/arm-none-eabi/9.3.1/thumb/v7e-m+dp/hard/crtend.o
LOAD /Users/vnz/Desktop/TinyScrubCam/tinyscrubcam/googleCoral/coralmicro/third_party/toolchain-mac/gcc-arm-none-eabi-9-2020-q2-update/bin/../lib/gcc/arm-none-eabi/9.3.1/thumb/v7e-m+dp/hard/crtn.o
                0x0000000000000000                HEAP_SIZE = DEFINED (__heap_size__)?__heap_size__:0x0
                0x0000000000001000                STACK_SIZE = DEFINED (__stack_size__)?__stack_size__:0x1000

.interrupts     0x0000000020250000      0x400
                0x0000000020250000                __VECTOR_TABLE = .
                0x0000000020250000                __Vectors = .
                0x0000000020250000                . = ALIGN (0x4)
 *(.isr_vector)
 .isr_vector    0x0000000020250000      0x400 CMakeFiles/flashloader.dir/__/__/__/third_party/nxp/rt1176-sdk/middleware/mcu-boot/targets/MIMXRT1176/src/startup/gcc/startup_MIMXRT1176_cm7.S.obj
                0x0000000020250000                __isr_vector
                0x0000000020250400                . = ALIGN (0x4)
                0x0000000020250000                __VECTOR_RAM = __VECTOR_TABLE
                0x0000000000000000                __RAM_VECTOR_TABLE_SIZE_BYTES = 0x0

.text           0x0000000020250400    0x16a54
                0x0000000020250400                . = ALIGN (0x4)
 *(.text)
 .text          0x0000000020250400       0x40 /Users/vnz/Desktop/TinyScrubCam/tinyscrubcam/googleCoral/coralmicro/third_party/toolchain-mac/gcc-arm-none-eabi-9-2020-q2-update/bin/../lib/gcc/arm-none-eabi/9.3.1/thumb/v7e-m+dp/hard/crtbegin.o
 .text          0x0000000020250440       0x7c CMakeFiles/flashloader.dir/__/__/__/third_party/nxp/rt1176-sdk/middleware/mcu-boot/src/memory/src/pattern_fill_gcc.S.obj
                0x0000000020250440                pattern_fill
 .text          0x00000000202504bc       0x68 CMakeFiles/flashloader.dir/__/__/__/third_party/nxp/rt1176-sdk/middleware/mcu-boot/src/startup/crt0_gcc.S.obj
                0x00000000202504bc                Reset_Handler
 .text          0x0000000020250524      0x2e4 CMakeFiles/flashloader.dir/__/__/__/third_party/nxp/rt1176-sdk/middleware/mcu-boot/targets/MIMXRT1176/src/startup/gcc/startup_MIMXRT1176_cm7.S.obj
                0x0000000020250584                ENET_QOS_DriverIRQHandler
                0x0000000020250584                USBPHY2_IRQHandler
                0x0000000020250584                Reserved179_IRQHandler
                0x0000000020250584                FLEXSPI2_DriverIRQHandler
                0x0000000020250584                MECC1_INIT_IRQHandler
                0x0000000020250584                ADC_ETC_IRQ0_IRQHandler
                0x0000000020250584                DebugMon_Handler
                0x0000000020250584                Reserved178_IRQHandler
                0x0000000020250584                SAI3_RX_DriverIRQHandler
                0x0000000020250584                PXP_IRQHandler
                0x0000000020250584                DMA13_DMA29_DriverIRQHandler
                0x0000000020250584                Reserved214_IRQHandler
                0x0000000020250584                FLEXRAM_ECC_IRQHandler
                0x0000000020250584                Reserved216_IRQHandler
                0x0000000020250584                CM7_GPIO2_3_IRQHandler
                0x0000000020250584                ADC_ETC_IRQ2_IRQHandler
                0x0000000020250584                KPP_IRQHandler
                0x0000000020250584                FLEXSPI1_DriverIRQHandler
                0x0000000020250584                ADC2_IRQHandler
                0x0000000020250584                Reserved217_IRQHandler
                0x0000000020250584                MemManage_Handler
                0x0000000020250584                SAI2_DriverIRQHandler
                0x0000000020250584                Reserved166_IRQHandler
                0x0000000020250584                GPT4_IRQHandler
                0x0000000020250584                PDM_EVENT_DriverIRQHandler
                0x0000000020250584                SNVS_HP_WRAPPER_IRQHandler
                0x0000000020250584                Reserved185_IRQHandler
                0x0000000020250584                DMA11_DMA27_DriverIRQHandler
                0x0000000020250584                XBAR1_IRQ_2_3_IRQHandler
                0x0000000020250584                PWM3_2_IRQHandler
                0x0000000020250584                LPI2C1_DriverIRQHandler
                0x0000000020250584                DMA4_DMA20_DriverIRQHandler
                0x0000000020250584                DMA9_DMA25_DriverIRQHandler
                0x0000000020250584                Reserved167_IRQHandler
                0x0000000020250584                GPIO1_Combined_0_15_IRQHandler
                0x0000000020250584                EMVSIM1_IRQHandler
                0x0000000020250584                Reserved91_IRQHandler
                0x0000000020250584                MIPI_CSI_IRQHandler
                0x0000000020250584                LCDIF1_IRQHandler
                0x0000000020250584                ANATOP_TEMP_INT_IRQHandler
                0x0000000020250584                DMA3_DMA19_DriverIRQHandler
                0x0000000020250584                TMR4_IRQHandler
                0x0000000020250584                ACMP3_IRQHandler
                0x0000000020250584                ENC1_IRQHandler
                0x0000000020250584                PWM1_FAULT_IRQHandler
                0x0000000020250584                EMVSIM2_IRQHandler
                0x0000000020250584                GPIO2_Combined_16_31_IRQHandler
                0x0000000020250584                LPI2C4_DriverIRQHandler
                0x0000000020250584                DCIC1_IRQHandler
                0x0000000020250584                TMR3_IRQHandler
                0x0000000020250584                XBAR1_IRQ_0_1_IRQHandler
                0x0000000020250584                XECC_FLEXSPI1_INIT_DriverIRQHandler
                0x0000000020250584                Reserved186_IRQHandler
                0x0000000020250584                PIT1_IRQHandler
                0x0000000020250584                Reserved169_IRQHandler
                0x0000000020250584                DAC_IRQHandler
                0x0000000020250584                XECC_SEMC_INIT_IRQHandler
                0x0000000020250584                SNVS_HP_WRAPPER_TZ_IRQHandler
                0x0000000020250584                SAI3_TX_DriverIRQHandler
                0x0000000020250584                ENET_1G_1588_Timer_DriverIRQHandler
                0x0000000020250584                ANATOP_TEMP_LOW_HIGH_IRQHandler
                0x0000000020250584                CAN1_ERROR_DriverIRQHandler
                0x0000000020250584                Reserved170_IRQHandler
                0x0000000020250584                CAAM_IRQ2_IRQHandler
                0x0000000020250584                ACMP2_IRQHandler
                0x0000000020250584                SFA_IRQHandler
                0x0000000020250584                GPT2_IRQHandler
                0x0000000020250584                Reserved213_IRQHandler
                0x0000000020250584                ASRC_DriverIRQHandler
                0x0000000020250584                FLEXRAM_IRQHandler
                0x0000000020250584                DMA5_DMA21_DriverIRQHandler
                0x0000000020250584                ACMP1_IRQHandler
                0x0000000020250584                GPT5_IRQHandler
                0x0000000020250584                BusFault_Handler
                0x0000000020250584                DMA15_DMA31_DriverIRQHandler
                0x0000000020250584                GPIO4_Combined_16_31_IRQHandler
                0x0000000020250584                GPIO13_Combined_0_31_IRQHandler
                0x0000000020250584                Reserved212_IRQHandler
                0x0000000020250584                ENC4_IRQHandler
                0x0000000020250584                XECC_FLEXSPI1_FATAL_INIT_DriverIRQHandler
                0x0000000020250584                GPT6_IRQHandler
                0x0000000020250584                CAAM_IRQ0_IRQHandler
                0x0000000020250584                LPI2C2_DriverIRQHandler
                0x0000000020250584                DMA_ERROR_DriverIRQHandler
                0x0000000020250584                PWM4_0_IRQHandler
                0x0000000020250584                ANATOP_LP8_BROWNOUT_IRQHandler
                0x0000000020250584                CAN1_DriverIRQHandler
                0x0000000020250584                TMR1_IRQHandler
                0x0000000020250584                XECC_FLEXSPI2_FATAL_INIT_DriverIRQHandler
                0x0000000020250584                PWM3_FAULT_IRQHandler
                0x0000000020250584                CTI1_ERROR_IRQHandler
                0x0000000020250584                PWM1_3_IRQHandler
                0x0000000020250584                ENET_1G_DriverIRQHandler
                0x0000000020250584                GPIO2_Combined_0_15_IRQHandler
                0x0000000020250584                SPDIF_DriverIRQHandler
                0x0000000020250584                CSI_IRQHandler
                0x0000000020250584                LPI2C5_DriverIRQHandler
                0x0000000020250584                SNVS_LP_WRAPPER_IRQHandler
                0x0000000020250584                ENC2_IRQHandler
                0x0000000020250584                LCDIF2_IRQHandler
                0x0000000020250584                PWM2_2_IRQHandler
                0x0000000020250584                ANATOP_TEMP_PANIC_IRQHandler
                0x0000000020250584                CAAM_IRQ1_IRQHandler
                0x0000000020250584                CAAM_RTC_IRQHandler
                0x0000000020250584                Reserved168_IRQHandler
                0x0000000020250584                PWM4_FAULT_IRQHandler
                0x0000000020250584                CAN3_DriverIRQHandler
                0x0000000020250584                ADC_ETC_IRQ1_IRQHandler
                0x0000000020250584                Reserved210_IRQHandler
                0x0000000020250584                DMA7_DMA23_DriverIRQHandler
                0x0000000020250584                CTI0_ERROR_IRQHandler
                0x0000000020250584                ADC_ETC_IRQ3_IRQHandler
                0x0000000020250584                GPIO5_Combined_0_15_IRQHandler
                0x0000000020250584                PWM1_0_IRQHandler
                0x0000000020250584                SAI4_TX_DriverIRQHandler
                0x0000000020250584                MIPI_DSI_IRQHandler
                0x0000000020250584                Reserved68_IRQHandler
                0x0000000020250584                LPI2C3_DriverIRQHandler
                0x0000000020250584                ENET_MAC0_Tx_Rx_Done_0_DriverIRQHandler
                0x0000000020250584                GPIO4_Combined_0_15_IRQHandler
                0x0000000020250584                PWM2_0_IRQHandler
                0x0000000020250584                DMA14_DMA30_DriverIRQHandler
                0x0000000020250584                ENET_1588_Timer_DriverIRQHandler
                0x0000000020250584                GPU2D_IRQHandler
                0x0000000020250584                PWM2_1_IRQHandler
                0x0000000020250584                ENET_QOS_PMT_DriverIRQHandler
                0x0000000020250584                MECC1_FATAL_INIT_IRQHandler
                0x0000000020250584                CAAM_RECORVE_ERRPR_IRQHandler
                0x0000000020250584                PWM2_FAULT_IRQHandler
                0x0000000020250584                FLEXIO2_DriverIRQHandler
                0x0000000020250584                UsageFault_Handler
                0x0000000020250584                WDOG1_IRQHandler
                0x0000000020250584                GPT1_IRQHandler
                0x0000000020250584                PWM4_1_IRQHandler
                0x0000000020250584                USB_OTG2_IRQHandler
                0x0000000020250584                ACMP4_IRQHandler
                0x0000000020250584                SEMC_IRQHandler
                0x0000000020250584                DMA0_DMA16_DriverIRQHandler
                0x0000000020250584                DefaultISR
                0x0000000020250584                PWM1_1_IRQHandler
                0x0000000020250584                MECC2_INIT_IRQHandler
                0x0000000020250584                DMA2_DMA18_DriverIRQHandler
                0x0000000020250584                PWM3_0_IRQHandler
                0x0000000020250584                Reserved180_IRQHandler
                0x0000000020250584                GPT3_IRQHandler
                0x0000000020250584                Reserved177_IRQHandler
                0x0000000020250584                SEMA4_CP1_IRQHandler
                0x0000000020250584                PWM3_3_IRQHandler
                0x0000000020250584                KEY_MANAGER_IRQHandler
                0x0000000020250584                ADC1_IRQHandler
                0x0000000020250584                OCOTP_READ_DONE_ERROR_IRQHandler
                0x0000000020250584                LPI2C6_DriverIRQHandler
                0x0000000020250584                PIT2_IRQHandler
                0x0000000020250584                FLEXIO1_DriverIRQHandler
                0x0000000020250584                Reserved215_IRQHandler
                0x0000000020250584                ENET_DriverIRQHandler
                0x0000000020250584                MECC2_FATAL_INIT_IRQHandler
                0x0000000020250584                XECC_FLEXSPI2_INIT_DriverIRQHandler
                0x0000000020250584                GPIO1_Combined_16_31_IRQHandler
                0x0000000020250584                SAI1_DriverIRQHandler
                0x0000000020250584                DMA12_DMA28_DriverIRQHandler
                0x0000000020250584                ENC3_IRQHandler
                0x0000000020250584                EWM_IRQHandler
                0x0000000020250584                MUA_IRQHandler
                0x0000000020250584                USBPHY1_IRQHandler
                0x0000000020250584                RDC_IRQHandler
                0x0000000020250584                WDOG2_IRQHandler
                0x0000000020250584                Reserved209_IRQHandler
                0x0000000020250584                PWM3_1_IRQHandler
                0x0000000020250584                PWM2_3_IRQHandler
                0x0000000020250584                Reserved211_IRQHandler
                0x0000000020250584                CORE_IRQHandler
                0x0000000020250584                CAN3_ERROR_DriverIRQHandler
                0x0000000020250584                CAAM_IRQ3_IRQHandler
                0x0000000020250584                DMA10_DMA26_DriverIRQHandler
                0x0000000020250584                OCOTP_READ_FUSE_ERROR_IRQHandler
                0x0000000020250584                Reserved208_IRQHandler
                0x0000000020250584                PWM1_2_IRQHandler
                0x0000000020250584                GPIO6_Combined_0_15_IRQHandler
                0x0000000020250584                GPR_IRQ_IRQHandler
                0x0000000020250584                GPC_IRQHandler
                0x0000000020250584                GPIO3_Combined_0_15_IRQHandler
                0x0000000020250584                PWM4_3_IRQHandler
                0x0000000020250584                PDM_ERROR_DriverIRQHandler
                0x0000000020250584                DMA1_DMA17_DriverIRQHandler
                0x0000000020250584                DCIC2_IRQHandler
                0x0000000020250584                SEMA4_CP0_IRQHandler
                0x0000000020250584                GPIO6_Combined_16_31_IRQHandler
                0x0000000020250584                ANATOP_LP0_BROWNOUT_IRQHandler
                0x0000000020250584                CAN2_DriverIRQHandler
                0x0000000020250584                GPIO5_Combined_16_31_IRQHandler
                0x0000000020250584                CAN2_ERROR_DriverIRQHandler
                0x0000000020250584                ENET_MAC0_Tx_Rx_Done_1_DriverIRQHandler
                0x0000000020250584                TMR2_IRQHandler
                0x0000000020250584                ADC_ETC_ERROR_IRQ_IRQHandler
                0x0000000020250584                DMA8_DMA24_DriverIRQHandler
                0x0000000020250584                PWM4_2_IRQHandler
                0x0000000020250584                DMA6_DMA22_DriverIRQHandler
                0x0000000020250584                XECC_SEMC_FATAL_INIT_IRQHandler
                0x0000000020250584                SAI4_RX_DriverIRQHandler
                0x0000000020250584                RTWDOG3_IRQHandler
                0x0000000020250588                NMI_Handler
                0x0000000020250590                SVC_Handler
                0x0000000020250594                PendSV_Handler
                0x0000000020250598                SysTick_Handler
                0x000000002025059c                DMA0_DMA16_IRQHandler
                0x00000000202505a0                DMA1_DMA17_IRQHandler
                0x00000000202505a4                DMA2_DMA18_IRQHandler
                0x00000000202505a8                DMA3_DMA19_IRQHandler
                0x00000000202505ac                DMA4_DMA20_IRQHandler
                0x00000000202505b0                DMA5_DMA21_IRQHandler
                0x00000000202505b4                DMA6_DMA22_IRQHandler
                0x00000000202505b8                DMA7_DMA23_IRQHandler
                0x00000000202505bc                DMA8_DMA24_IRQHandler
                0x00000000202505c0                DMA9_DMA25_IRQHandler
                0x00000000202505c4                DMA10_DMA26_IRQHandler
                0x00000000202505c8                DMA11_DMA27_IRQHandler
                0x00000000202505cc                DMA12_DMA28_IRQHandler
                0x00000000202505d0                DMA13_DMA29_IRQHandler
                0x00000000202505d4                DMA14_DMA30_IRQHandler
                0x00000000202505d8                DMA15_DMA31_IRQHandler
                0x00000000202505dc                DMA_ERROR_IRQHandler
                0x00000000202505e4                LPUART2_IRQHandler
                0x00000000202505e8                LPUART3_IRQHandler
                0x00000000202505ec                LPUART4_IRQHandler
                0x00000000202505f0                LPUART5_IRQHandler
                0x00000000202505f4                LPUART6_IRQHandler
                0x00000000202505f8                LPUART7_IRQHandler
                0x00000000202505fc                LPUART8_IRQHandler
                0x0000000020250600                LPUART9_IRQHandler
                0x0000000020250604                LPUART10_IRQHandler
                0x0000000020250608                LPUART11_IRQHandler
                0x000000002025060c                LPUART12_IRQHandler
                0x0000000020250610                LPI2C1_IRQHandler
                0x0000000020250614                LPI2C2_IRQHandler
                0x0000000020250618                LPI2C3_IRQHandler
                0x000000002025061c                LPI2C4_IRQHandler
                0x0000000020250620                LPI2C5_IRQHandler
                0x0000000020250624                LPI2C6_IRQHandler
                0x0000000020250628                LPSPI1_IRQHandler
                0x000000002025062c                LPSPI2_IRQHandler
                0x0000000020250630                LPSPI3_IRQHandler
                0x0000000020250634                LPSPI4_IRQHandler
                0x0000000020250638                LPSPI5_IRQHandler
                0x000000002025063c                LPSPI6_IRQHandler
                0x0000000020250640                CAN1_IRQHandler
                0x0000000020250644                CAN1_ERROR_IRQHandler
                0x0000000020250648                CAN2_IRQHandler
                0x000000002025064c                CAN2_ERROR_IRQHandler
                0x0000000020250650                CAN3_IRQHandler
                0x0000000020250654                CAN3_ERROR_IRQHandler
                0x0000000020250658                SAI1_IRQHandler
                0x000000002025065c                SAI2_IRQHandler
                0x0000000020250660                SAI3_RX_IRQHandler
                0x0000000020250664                SAI3_TX_IRQHandler
                0x0000000020250668                SAI4_RX_IRQHandler
                0x000000002025066c                SAI4_TX_IRQHandler
                0x0000000020250670                SPDIF_IRQHandler
                0x0000000020250674                ASRC_IRQHandler
                0x0000000020250678                FLEXIO1_IRQHandler
                0x000000002025067c                FLEXIO2_IRQHandler
                0x0000000020250680                FLEXSPI1_IRQHandler
                0x0000000020250684                FLEXSPI2_IRQHandler
                0x0000000020250688                USDHC1_IRQHandler
                0x000000002025068c                USDHC2_IRQHandler
                0x0000000020250690                ENET_IRQHandler
                0x0000000020250694                ENET_1588_Timer_IRQHandler
                0x0000000020250698                ENET_MAC0_Tx_Rx_Done_0_IRQHandler
                0x000000002025069c                ENET_MAC0_Tx_Rx_Done_1_IRQHandler
                0x00000000202506a0                ENET_1G_IRQHandler
                0x00000000202506a4                ENET_1G_1588_Timer_IRQHandler
                0x00000000202506a8                PDM_EVENT_IRQHandler
                0x00000000202506ac                PDM_ERROR_IRQHandler
                0x00000000202506b0                XECC_FLEXSPI1_INIT_IRQHandler
                0x00000000202506b4                XECC_FLEXSPI1_FATAL_INIT_IRQHandler
                0x00000000202506b8                XECC_FLEXSPI2_INIT_IRQHandler
                0x00000000202506bc                XECC_FLEXSPI2_FATAL_INIT_IRQHandler
                0x00000000202506c0                ENET_QOS_IRQHandler
                0x00000000202506c4                ENET_QOS_PMT_IRQHandler
 .text          0x0000000020250808       0x30 /Users/vnz/Desktop/TinyScrubCam/tinyscrubcam/googleCoral/coralmicro/third_party/toolchain-mac/gcc-arm-none-eabi-9-2020-q2-update/bin/../lib/gcc/arm-none-eabi/9.3.1/thumb/v7e-m+dp/hard/libgcc.a(_aeabi_uldivmod.o)
                0x0000000020250808                __aeabi_uldivmod
 .text          0x0000000020250838      0x2c4 /Users/vnz/Desktop/TinyScrubCam/tinyscrubcam/googleCoral/coralmicro/third_party/toolchain-mac/gcc-arm-none-eabi-9-2020-q2-update/bin/../lib/gcc/arm-none-eabi/9.3.1/thumb/v7e-m+dp/hard/libgcc.a(_udivmoddi4.o)
                0x0000000020250838                __udivmoddi4
 .text          0x0000000020250afc        0x4 /Users/vnz/Desktop/TinyScrubCam/tinyscrubcam/googleCoral/coralmicro/third_party/toolchain-mac/gcc-arm-none-eabi-9-2020-q2-update/bin/../lib/gcc/arm-none-eabi/9.3.1/thumb/v7e-m+dp/hard/libgcc.a(_dvmd_tls.o)
                0x0000000020250afc                __aeabi_ldiv0
                0x0000000020250afc                __aeabi_idiv0
 .text          0x0000000020250b00       0x10 /Users/vnz/Desktop/TinyScrubCam/tinyscrubcam/googleCoral/coralmicro/third_party/toolchain-mac/gcc-arm-none-eabi-9-2020-q2-update/bin/../lib/gcc/arm-none-eabi/9.3.1/../../../../arm-none-eabi/lib/thumb/v7e-m+dp/hard/libg_nano.a(lib_a-strlen.o)
                0x0000000020250b00                strlen
 .text          0x0000000020250b10       0xa0 /Users/vnz/Desktop/TinyScrubCam/tinyscrubcam/googleCoral/coralmicro/third_party/toolchain-mac/gcc-arm-none-eabi-9-2020-q2-update/bin/../lib/gcc/arm-none-eabi/9.3.1/../../../../arm-none-eabi/lib/thumb/v7e-m+dp/hard/libg_nano.a(lib_a-memchr.o)
                0x0000000020250b10                memchr
 *(.text*)
 .text.UART1_PollForActivity
                0x0000000020250bb0       0x48 CMakeFiles/flashloader.dir/__/__/__/third_party/nxp/rt1176-sdk/boards/evkmimxrt1170/bootloader_examples/flashloader/cm7/pin_mux.c.obj
                0x0000000020250bb0                UART1_PollForActivity
 .text.UART1_InitPins
                0x0000000020250bf8       0x24 CMakeFiles/flashloader.dir/__/__/__/third_party/nxp/rt1176-sdk/boards/evkmimxrt1170/bootloader_examples/flashloader/cm7/pin_mux.c.obj
                0x0000000020250bf8                UART1_InitPins
 .text.UART1_RestoreDefault
                0x0000000020250c1c       0x24 CMakeFiles/flashloader.dir/__/__/__/third_party/nxp/rt1176-sdk/boards/evkmimxrt1170/bootloader_examples/flashloader/cm7/pin_mux.c.obj
                0x0000000020250c1c                UART1_RestoreDefault
 .text.USB_DeviceCh9GetDescriptor
                0x0000000020250c40       0xfe CMakeFiles/flashloader.dir/__/__/__/third_party/nxp/rt1176-sdk/boards/evkmimxrt1170/bootloader_examples/flashloader/cm7/usb_device_ch9.c.obj
 .text.USB_DeviceCh9SetConfiguration
                0x0000000020250d3e       0x7e CMakeFiles/flashloader.dir/__/__/__/third_party/nxp/rt1176-sdk/boards/evkmimxrt1170/bootloader_examples/flashloader/cm7/usb_device_ch9.c.obj
 .text.USB_DeviceCh9SetAddress
                0x0000000020250dbc       0x74 CMakeFiles/flashloader.dir/__/__/__/third_party/nxp/rt1176-sdk/boards/evkmimxrt1170/bootloader_examples/flashloader/cm7/usb_device_ch9.c.obj
 .text.USB_DeviceCh9SetClearFeature
                0x0000000020250e30       0x9a CMakeFiles/flashloader.dir/__/__/__/third_party/nxp/rt1176-sdk/boards/evkmimxrt1170/bootloader_examples/flashloader/cm7/usb_device_ch9.c.obj
 .text.USB_DeviceCh9SynchFrame
                0x0000000020250eca       0x6a CMakeFiles/flashloader.dir/__/__/__/third_party/nxp/rt1176-sdk/boards/evkmimxrt1170/bootloader_examples/flashloader/cm7/usb_device_ch9.c.obj
 .text.USB_DeviceCh9GetStatus
                0x0000000020250f34       0xb0 CMakeFiles/flashloader.dir/__/__/__/third_party/nxp/rt1176-sdk/boards/evkmimxrt1170/bootloader_examples/flashloader/cm7/usb_device_ch9.c.obj
 .text.USB_DeviceCh9SetInterface
                0x0000000020250fe4       0x62 CMakeFiles/flashloader.dir/__/__/__/third_party/nxp/rt1176-sdk/boards/evkmimxrt1170/bootloader_examples/flashloader/cm7/usb_device_ch9.c.obj
 .text.USB_DeviceCh9GetInterface
                0x0000000020251046       0x6a CMakeFiles/flashloader.dir/__/__/__/third_party/nxp/rt1176-sdk/boards/evkmimxrt1170/bootloader_examples/flashloader/cm7/usb_device_ch9.c.obj
 .text.USB_DeviceCh9GetConfiguration
                0x00000000202510b0       0x5a CMakeFiles/flashloader.dir/__/__/__/third_party/nxp/rt1176-sdk/boards/evkmimxrt1170/bootloader_examples/flashloader/cm7/usb_device_ch9.c.obj
 .text.USB_DeviceControlCallbackFeedback.isra.0
                0x000000002025110a       0x54 CMakeFiles/flashloader.dir/__/__/__/third_party/nxp/rt1176-sdk/boards/evkmimxrt1170/bootloader_examples/flashloader/cm7/usb_device_ch9.c.obj
 *fill*         0x000000002025115e        0x2 
 .text.USB_DeviceControlCallback
                0x0000000020251160      0x1d4 CMakeFiles/flashloader.dir/__/__/__/third_party/nxp/rt1176-sdk/boards/evkmimxrt1170/bootloader_examples/flashloader/cm7/usb_device_ch9.c.obj
 .text.USB_DeviceControlPipeInit
                0x0000000020251334       0x4c CMakeFiles/flashloader.dir/__/__/__/third_party/nxp/rt1176-sdk/boards/evkmimxrt1170/bootloader_examples/flashloader/cm7/usb_device_ch9.c.obj
                0x0000000020251334                USB_DeviceControlPipeInit
 .text.USB_DeviceClassGetHandleByDeviceHandle
                0x0000000020251380       0x44 CMakeFiles/flashloader.dir/__/__/__/third_party/nxp/rt1176-sdk/boards/evkmimxrt1170/bootloader_examples/flashloader/cm7/usb_device_class.c.obj
 .text.USB_DeviceClassFreeHandle
                0x00000000202513c4       0x54 CMakeFiles/flashloader.dir/__/__/__/third_party/nxp/rt1176-sdk/boards/evkmimxrt1170/bootloader_examples/flashloader/cm7/usb_device_class.c.obj
 .text.USB_DeviceClassGetHandleByControllerId
                0x0000000020251418       0x48 CMakeFiles/flashloader.dir/__/__/__/third_party/nxp/rt1176-sdk/boards/evkmimxrt1170/bootloader_examples/flashloader/cm7/usb_device_class.c.obj
 .text.USB_DeviceClassGetDeviceHandle
                0x0000000020251460       0x44 CMakeFiles/flashloader.dir/__/__/__/third_party/nxp/rt1176-sdk/boards/evkmimxrt1170/bootloader_examples/flashloader/cm7/usb_device_class.c.obj
                0x0000000020251460                USB_DeviceClassGetDeviceHandle
 .text.USB_DeviceClassEvent
                0x00000000202514a4       0x5e CMakeFiles/flashloader.dir/__/__/__/third_party/nxp/rt1176-sdk/boards/evkmimxrt1170/bootloader_examples/flashloader/cm7/usb_device_class.c.obj
                0x00000000202514a4                USB_DeviceClassEvent
 .text.USB_DeviceClassCallback
                0x0000000020251502       0x38 CMakeFiles/flashloader.dir/__/__/__/third_party/nxp/rt1176-sdk/boards/evkmimxrt1170/bootloader_examples/flashloader/cm7/usb_device_class.c.obj
                0x0000000020251502                USB_DeviceClassCallback
 *fill*         0x000000002025153a        0x2 
 .text.USB_DeviceClassInit
                0x000000002025153c       0xec CMakeFiles/flashloader.dir/__/__/__/third_party/nxp/rt1176-sdk/boards/evkmimxrt1170/bootloader_examples/flashloader/cm7/usb_device_class.c.obj
                0x000000002025153c                USB_DeviceClassInit
 .text.USB_DeviceClassDeinit
                0x0000000020251628       0x5c CMakeFiles/flashloader.dir/__/__/__/third_party/nxp/rt1176-sdk/boards/evkmimxrt1170/bootloader_examples/flashloader/cm7/usb_device_class.c.obj
                0x0000000020251628                USB_DeviceClassDeinit
 .text.USB_DeviceClassGetSpeed
                0x0000000020251684       0x1e CMakeFiles/flashloader.dir/__/__/__/third_party/nxp/rt1176-sdk/boards/evkmimxrt1170/bootloader_examples/flashloader/cm7/usb_device_class.c.obj
                0x0000000020251684                USB_DeviceClassGetSpeed
 .text.USB_DeviceHidInterruptIn
                0x00000000202516a2       0x20 CMakeFiles/flashloader.dir/__/__/__/third_party/nxp/rt1176-sdk/boards/evkmimxrt1170/bootloader_examples/flashloader/cm7/usb_device_hid.c.obj
 .text.USB_DeviceHidInterruptOut
                0x00000000202516c2       0x20 CMakeFiles/flashloader.dir/__/__/__/third_party/nxp/rt1176-sdk/boards/evkmimxrt1170/bootloader_examples/flashloader/cm7/usb_device_hid.c.obj
 *fill*         0x00000000202516e2        0x2 
 .text.USB_DeviceHidEndpointsInit
                0x00000000202516e4       0xe8 CMakeFiles/flashloader.dir/__/__/__/third_party/nxp/rt1176-sdk/boards/evkmimxrt1170/bootloader_examples/flashloader/cm7/usb_device_hid.c.obj
 .text.USB_DeviceHidEndpointsDeinit
                0x00000000202517cc       0x32 CMakeFiles/flashloader.dir/__/__/__/third_party/nxp/rt1176-sdk/boards/evkmimxrt1170/bootloader_examples/flashloader/cm7/usb_device_hid.c.obj
 .text.USB_DeviceHidEvent
                0x00000000202517fe      0x2ba CMakeFiles/flashloader.dir/__/__/__/third_party/nxp/rt1176-sdk/boards/evkmimxrt1170/bootloader_examples/flashloader/cm7/usb_device_hid.c.obj
                0x00000000202517fe                USB_DeviceHidEvent
 .text.USB_DeviceHidInit
                0x0000000020251ab8       0x30 CMakeFiles/flashloader.dir/__/__/__/third_party/nxp/rt1176-sdk/boards/evkmimxrt1170/bootloader_examples/flashloader/cm7/usb_device_hid.c.obj
                0x0000000020251ab8                USB_DeviceHidInit
 .text.USB_DeviceHidDeinit
                0x0000000020251ae8       0x1a CMakeFiles/flashloader.dir/__/__/__/third_party/nxp/rt1176-sdk/boards/evkmimxrt1170/bootloader_examples/flashloader/cm7/usb_device_hid.c.obj
                0x0000000020251ae8                USB_DeviceHidDeinit
 .text.USB_DeviceHidSend
                0x0000000020251b02       0x36 CMakeFiles/flashloader.dir/__/__/__/third_party/nxp/rt1176-sdk/boards/evkmimxrt1170/bootloader_examples/flashloader/cm7/usb_device_hid.c.obj
                0x0000000020251b02                USB_DeviceHidSend
 .text.USB_DeviceHidRecv
                0x0000000020251b38       0x36 CMakeFiles/flashloader.dir/__/__/__/third_party/nxp/rt1176-sdk/boards/evkmimxrt1170/bootloader_examples/flashloader/cm7/usb_device_hid.c.obj
                0x0000000020251b38                USB_DeviceHidRecv
 .text.OSA_EnterCritical
                0x0000000020251b6e        0xa CMakeFiles/flashloader.dir/__/__/__/third_party/nxp/rt1176-sdk/components/osa/fsl_os_abstraction_bm.c.obj
                0x0000000020251b6e                OSA_EnterCritical
 .text.OSA_ExitCritical
                0x0000000020251b78        0x6 CMakeFiles/flashloader.dir/__/__/__/third_party/nxp/rt1176-sdk/components/osa/fsl_os_abstraction_bm.c.obj
                0x0000000020251b78                OSA_ExitCritical
 *fill*         0x0000000020251b7e        0x2 
 .text.ANATOP_AI_Access
                0x0000000020251b80      0x360 CMakeFiles/flashloader.dir/__/__/__/third_party/nxp/rt1176-sdk/devices/MIMXRT1176/drivers/fsl_anatop_ai.c.obj
                0x0000000020251b80                ANATOP_AI_Access
 .text.ANATOP_AI_Read
                0x0000000020251ee0        0xa CMakeFiles/flashloader.dir/__/__/__/third_party/nxp/rt1176-sdk/devices/MIMXRT1176/drivers/fsl_anatop_ai.c.obj
                0x0000000020251ee0                ANATOP_AI_Read
 *fill*         0x0000000020251eea        0x6 
 .text.CLOCK_GetAvPllFreq
                0x0000000020251ef0       0x80 CMakeFiles/flashloader.dir/__/__/__/third_party/nxp/rt1176-sdk/devices/MIMXRT1176/drivers/fsl_clock.c.obj
 .text.CLOCK_GetPllFreq.part.0
                0x0000000020251f70       0x2c CMakeFiles/flashloader.dir/__/__/__/third_party/nxp/rt1176-sdk/devices/MIMXRT1176/drivers/fsl_clock.c.obj
 .text.CLOCK_GetPfdFreq
                0x0000000020251f9c       0x4c CMakeFiles/flashloader.dir/__/__/__/third_party/nxp/rt1176-sdk/devices/MIMXRT1176/drivers/fsl_clock.c.obj
                0x0000000020251f9c                CLOCK_GetPfdFreq
 .text.CLOCK_GetFreq
                0x0000000020251fe8       0xe4 CMakeFiles/flashloader.dir/__/__/__/third_party/nxp/rt1176-sdk/devices/MIMXRT1176/drivers/fsl_clock.c.obj
                0x0000000020251fe8                CLOCK_GetFreq
 .text.SDK_DelayAtLeastUs
                0x00000000202520cc       0x24 CMakeFiles/flashloader.dir/__/__/__/third_party/nxp/rt1176-sdk/devices/MIMXRT1176/drivers/fsl_common_arm.c.obj
                0x00000000202520cc                SDK_DelayAtLeastUs
 .text.GPIO_PinWrite
                0x00000000202520f0       0x14 CMakeFiles/flashloader.dir/__/__/__/third_party/nxp/rt1176-sdk/devices/MIMXRT1176/drivers/fsl_gpio.c.obj
                0x00000000202520f0                GPIO_PinWrite
 .text.GPIO_PinSetInterruptConfig
                0x0000000020252104       0x7c CMakeFiles/flashloader.dir/__/__/__/third_party/nxp/rt1176-sdk/devices/MIMXRT1176/drivers/fsl_gpio.c.obj
                0x0000000020252104                GPIO_PinSetInterruptConfig
 .text.GPIO_PinInit
                0x0000000020252180       0x88 CMakeFiles/flashloader.dir/__/__/__/third_party/nxp/rt1176-sdk/devices/MIMXRT1176/drivers/fsl_gpio.c.obj
                0x0000000020252180                GPIO_PinInit
 .text.CLOCK_ControlGate
                0x0000000020252208       0x34 CMakeFiles/flashloader.dir/__/__/__/third_party/nxp/rt1176-sdk/devices/MIMXRT1176/drivers/fsl_lpspi.c.obj
 .text.LPSPI_CombineWriteData
                0x000000002025223c       0x48 CMakeFiles/flashloader.dir/__/__/__/third_party/nxp/rt1176-sdk/devices/MIMXRT1176/drivers/fsl_lpspi.c.obj
 .text.LPSPI_CommonIRQHandler
                0x0000000020252284       0x20 CMakeFiles/flashloader.dir/__/__/__/third_party/nxp/rt1176-sdk/devices/MIMXRT1176/drivers/fsl_lpspi.c.obj
 .text.LPSPI_SeparateReadData
                0x00000000202522a4       0x66 CMakeFiles/flashloader.dir/__/__/__/third_party/nxp/rt1176-sdk/devices/MIMXRT1176/drivers/fsl_lpspi.c.obj
 *fill*         0x000000002025230a        0x2 
 .text.LPSPI_GetInstance
                0x000000002025230c       0x20 CMakeFiles/flashloader.dir/__/__/__/third_party/nxp/rt1176-sdk/devices/MIMXRT1176/drivers/fsl_lpspi.c.obj
                0x000000002025230c                LPSPI_GetInstance
 .text.LPSPI_SetDummyData
                0x000000002025232c       0x14 CMakeFiles/flashloader.dir/__/__/__/third_party/nxp/rt1176-sdk/devices/MIMXRT1176/drivers/fsl_lpspi.c.obj
                0x000000002025232c                LPSPI_SetDummyData
 .text.LPSPI_MasterSetBaudRate
                0x0000000020252340       0x88 CMakeFiles/flashloader.dir/__/__/__/third_party/nxp/rt1176-sdk/devices/MIMXRT1176/drivers/fsl_lpspi.c.obj
                0x0000000020252340                LPSPI_MasterSetBaudRate
 .text.LPSPI_MasterSetDelayScaler
                0x00000000202523c8       0x36 CMakeFiles/flashloader.dir/__/__/__/third_party/nxp/rt1176-sdk/devices/MIMXRT1176/drivers/fsl_lpspi.c.obj
                0x00000000202523c8                LPSPI_MasterSetDelayScaler
 *fill*         0x00000000202523fe        0x2 
 .text.LPSPI_MasterSetDelayTimes
                0x0000000020252400      0x10c CMakeFiles/flashloader.dir/__/__/__/third_party/nxp/rt1176-sdk/devices/MIMXRT1176/drivers/fsl_lpspi.c.obj
                0x0000000020252400                LPSPI_MasterSetDelayTimes
 .text.LPSPI_MasterInit
                0x000000002025250c       0xe4 CMakeFiles/flashloader.dir/__/__/__/third_party/nxp/rt1176-sdk/devices/MIMXRT1176/drivers/fsl_lpspi.c.obj
                0x000000002025250c                LPSPI_MasterInit
 .text.LPSPI_CheckTransferArgument
                0x00000000202525f0       0x84 CMakeFiles/flashloader.dir/__/__/__/third_party/nxp/rt1176-sdk/devices/MIMXRT1176/drivers/fsl_lpspi.c.obj
                0x00000000202525f0                LPSPI_CheckTransferArgument
 .text.LPSPI_MasterTransferBlocking
                0x0000000020252674      0x220 CMakeFiles/flashloader.dir/__/__/__/third_party/nxp/rt1176-sdk/devices/MIMXRT1176/drivers/fsl_lpspi.c.obj
                0x0000000020252674                LPSPI_MasterTransferBlocking
 .text.LPSPI1_DriverIRQHandler
                0x0000000020252894       0x14 CMakeFiles/flashloader.dir/__/__/__/third_party/nxp/rt1176-sdk/devices/MIMXRT1176/drivers/fsl_lpspi.c.obj
                0x0000000020252894                LPSPI1_DriverIRQHandler
 .text.LPSPI2_DriverIRQHandler
                0x00000000202528a8       0x14 CMakeFiles/flashloader.dir/__/__/__/third_party/nxp/rt1176-sdk/devices/MIMXRT1176/drivers/fsl_lpspi.c.obj
                0x00000000202528a8                LPSPI2_DriverIRQHandler
 .text.LPSPI3_DriverIRQHandler
                0x00000000202528bc       0x14 CMakeFiles/flashloader.dir/__/__/__/third_party/nxp/rt1176-sdk/devices/MIMXRT1176/drivers/fsl_lpspi.c.obj
                0x00000000202528bc                LPSPI3_DriverIRQHandler
 .text.LPSPI4_DriverIRQHandler
                0x00000000202528d0       0x14 CMakeFiles/flashloader.dir/__/__/__/third_party/nxp/rt1176-sdk/devices/MIMXRT1176/drivers/fsl_lpspi.c.obj
                0x00000000202528d0                LPSPI4_DriverIRQHandler
 .text.LPSPI5_DriverIRQHandler
                0x00000000202528e4       0x14 CMakeFiles/flashloader.dir/__/__/__/third_party/nxp/rt1176-sdk/devices/MIMXRT1176/drivers/fsl_lpspi.c.obj
                0x00000000202528e4                LPSPI5_DriverIRQHandler
 .text.LPSPI6_DriverIRQHandler
                0x00000000202528f8       0x14 CMakeFiles/flashloader.dir/__/__/__/third_party/nxp/rt1176-sdk/devices/MIMXRT1176/drivers/fsl_lpspi.c.obj
                0x00000000202528f8                LPSPI6_DriverIRQHandler
 .text.CLOCK_ControlGate
                0x000000002025290c       0x34 CMakeFiles/flashloader.dir/__/__/__/third_party/nxp/rt1176-sdk/devices/MIMXRT1176/drivers/fsl_lpuart.c.obj
 .text.LPUART_GetInstance
                0x0000000020252940       0x1c CMakeFiles/flashloader.dir/__/__/__/third_party/nxp/rt1176-sdk/devices/MIMXRT1176/drivers/fsl_lpuart.c.obj
                0x0000000020252940                LPUART_GetInstance
 .text.LPUART_Init
                0x000000002025295c      0x198 CMakeFiles/flashloader.dir/__/__/__/third_party/nxp/rt1176-sdk/devices/MIMXRT1176/drivers/fsl_lpuart.c.obj
                0x000000002025295c                LPUART_Init
 .text.LPUART_Deinit
                0x0000000020252af4       0x38 CMakeFiles/flashloader.dir/__/__/__/third_party/nxp/rt1176-sdk/devices/MIMXRT1176/drivers/fsl_lpuart.c.obj
                0x0000000020252af4                LPUART_Deinit
 .text.LPUART_GetDefaultConfig
                0x0000000020252b2c       0x1e CMakeFiles/flashloader.dir/__/__/__/third_party/nxp/rt1176-sdk/devices/MIMXRT1176/drivers/fsl_lpuart.c.obj
                0x0000000020252b2c                LPUART_GetDefaultConfig
 .text.LPUART_EnableInterrupts
                0x0000000020252b4a       0x32 CMakeFiles/flashloader.dir/__/__/__/third_party/nxp/rt1176-sdk/devices/MIMXRT1176/drivers/fsl_lpuart.c.obj
                0x0000000020252b4a                LPUART_EnableInterrupts
 .text.LPUART_GetStatusFlags
                0x0000000020252b7c       0x18 CMakeFiles/flashloader.dir/__/__/__/third_party/nxp/rt1176-sdk/devices/MIMXRT1176/drivers/fsl_lpuart.c.obj
                0x0000000020252b7c                LPUART_GetStatusFlags
 .text.LPUART_WriteBlocking
                0x0000000020252b94       0x1e CMakeFiles/flashloader.dir/__/__/__/third_party/nxp/rt1176-sdk/devices/MIMXRT1176/drivers/fsl_lpuart.c.obj
                0x0000000020252b94                LPUART_WriteBlocking
 *fill*         0x0000000020252bb2        0x2 
 .text.LPUART1_DriverIRQHandler
                0x0000000020252bb4       0x20 CMakeFiles/flashloader.dir/__/__/__/third_party/nxp/rt1176-sdk/devices/MIMXRT1176/drivers/fsl_lpuart.c.obj
                0x0000000020252bb4                LPUART1_DriverIRQHandler
 .text.LPUART2_DriverIRQHandler
                0x0000000020252bd4       0x20 CMakeFiles/flashloader.dir/__/__/__/third_party/nxp/rt1176-sdk/devices/MIMXRT1176/drivers/fsl_lpuart.c.obj
                0x0000000020252bd4                LPUART2_DriverIRQHandler
 .text.LPUART3_DriverIRQHandler
                0x0000000020252bf4       0x20 CMakeFiles/flashloader.dir/__/__/__/third_party/nxp/rt1176-sdk/devices/MIMXRT1176/drivers/fsl_lpuart.c.obj
                0x0000000020252bf4                LPUART3_DriverIRQHandler
 .text.LPUART4_DriverIRQHandler
                0x0000000020252c14       0x20 CMakeFiles/flashloader.dir/__/__/__/third_party/nxp/rt1176-sdk/devices/MIMXRT1176/drivers/fsl_lpuart.c.obj
                0x0000000020252c14                LPUART4_DriverIRQHandler
 .text.LPUART5_DriverIRQHandler
                0x0000000020252c34       0x20 CMakeFiles/flashloader.dir/__/__/__/third_party/nxp/rt1176-sdk/devices/MIMXRT1176/drivers/fsl_lpuart.c.obj
                0x0000000020252c34                LPUART5_DriverIRQHandler
 .text.LPUART6_DriverIRQHandler
                0x0000000020252c54       0x20 CMakeFiles/flashloader.dir/__/__/__/third_party/nxp/rt1176-sdk/devices/MIMXRT1176/drivers/fsl_lpuart.c.obj
                0x0000000020252c54                LPUART6_DriverIRQHandler
 .text.LPUART7_DriverIRQHandler
                0x0000000020252c74       0x20 CMakeFiles/flashloader.dir/__/__/__/third_party/nxp/rt1176-sdk/devices/MIMXRT1176/drivers/fsl_lpuart.c.obj
                0x0000000020252c74                LPUART7_DriverIRQHandler
 .text.LPUART8_DriverIRQHandler
                0x0000000020252c94       0x20 CMakeFiles/flashloader.dir/__/__/__/third_party/nxp/rt1176-sdk/devices/MIMXRT1176/drivers/fsl_lpuart.c.obj
                0x0000000020252c94                LPUART8_DriverIRQHandler
 .text.LPUART9_DriverIRQHandler
                0x0000000020252cb4       0x20 CMakeFiles/flashloader.dir/__/__/__/third_party/nxp/rt1176-sdk/devices/MIMXRT1176/drivers/fsl_lpuart.c.obj
                0x0000000020252cb4                LPUART9_DriverIRQHandler
 .text.LPUART10_DriverIRQHandler
                0x0000000020252cd4       0x20 CMakeFiles/flashloader.dir/__/__/__/third_party/nxp/rt1176-sdk/devices/MIMXRT1176/drivers/fsl_lpuart.c.obj
                0x0000000020252cd4                LPUART10_DriverIRQHandler
 .text.LPUART11_DriverIRQHandler
                0x0000000020252cf4       0x20 CMakeFiles/flashloader.dir/__/__/__/third_party/nxp/rt1176-sdk/devices/MIMXRT1176/drivers/fsl_lpuart.c.obj
                0x0000000020252cf4                LPUART11_DriverIRQHandler
 .text.LPUART12_DriverIRQHandler
                0x0000000020252d14       0x20 CMakeFiles/flashloader.dir/__/__/__/third_party/nxp/rt1176-sdk/devices/MIMXRT1176/drivers/fsl_lpuart.c.obj
                0x0000000020252d14                LPUART12_DriverIRQHandler
 .text.key_store_is_valid
                0x0000000020252d34       0x24 CMakeFiles/flashloader.dir/__/__/__/third_party/nxp/rt1176-sdk/middleware/mcu-boot/src/authentication/key_store_puf.c.obj
 .text.key_store_init
                0x0000000020252d58       0x24 CMakeFiles/flashloader.dir/__/__/__/third_party/nxp/rt1176-sdk/middleware/mcu-boot/src/authentication/key_store_puf.c.obj
                0x0000000020252d58                key_store_init
 .text.key_store_enroll
                0x0000000020252d7c       0x60 CMakeFiles/flashloader.dir/__/__/__/third_party/nxp/rt1176-sdk/middleware/mcu-boot/src/authentication/key_store_puf.c.obj
                0x0000000020252d7c                key_store_enroll
 .text.key_store_set_key
                0x0000000020252ddc       0xe0 CMakeFiles/flashloader.dir/__/__/__/third_party/nxp/rt1176-sdk/middleware/mcu-boot/src/authentication/key_store_puf.c.obj
                0x0000000020252ddc                key_store_set_key
 .text.key_store_write_nonvolatile
                0x0000000020252ebc       0x3c CMakeFiles/flashloader.dir/__/__/__/third_party/nxp/rt1176-sdk/middleware/mcu-boot/src/authentication/key_store_puf.c.obj
                0x0000000020252ebc                key_store_write_nonvolatile
 .text.key_store_read_nonvolatile
                0x0000000020252ef8       0x58 CMakeFiles/flashloader.dir/__/__/__/third_party/nxp/rt1176-sdk/middleware/mcu-boot/src/authentication/key_store_puf.c.obj
                0x0000000020252ef8                key_store_read_nonvolatile
 .text.key_store_get
                0x0000000020252f50       0x2c CMakeFiles/flashloader.dir/__/__/__/third_party/nxp/rt1176-sdk/middleware/mcu-boot/src/authentication/key_store_puf.c.obj
                0x0000000020252f50                key_store_get
 .text.key_store_set
                0x0000000020252f7c       0x40 CMakeFiles/flashloader.dir/__/__/__/third_party/nxp/rt1176-sdk/middleware/mcu-boot/src/authentication/key_store_puf.c.obj
                0x0000000020252f7c                key_store_set
 .text.instance_transition_callback
                0x0000000020252fbc       0xdc CMakeFiles/flashloader.dir/__/__/__/third_party/nxp/rt1176-sdk/middleware/mcu-boot/src/autobaud/src/autobaud_irq.c.obj
                0x0000000020252fbc                instance_transition_callback
 .text.autobaud_init
                0x0000000020253098       0x5c CMakeFiles/flashloader.dir/__/__/__/third_party/nxp/rt1176-sdk/middleware/mcu-boot/src/autobaud/src/autobaud_irq.c.obj
                0x0000000020253098                autobaud_init
 .text.autobaud_deinit
                0x00000000202530f4        0x4 CMakeFiles/flashloader.dir/__/__/__/third_party/nxp/rt1176-sdk/middleware/mcu-boot/src/autobaud/src/autobaud_irq.c.obj
                0x00000000202530f4                autobaud_deinit
 .text.autobaud_get_rate
                0x00000000202530f8       0xc8 CMakeFiles/flashloader.dir/__/__/__/third_party/nxp/rt1176-sdk/middleware/mcu-boot/src/autobaud/src/autobaud_irq.c.obj
                0x00000000202530f8                autobaud_get_rate
 .text.usb_device_hid_generic_callback
                0x00000000202531c0       0x70 CMakeFiles/flashloader.dir/__/__/__/third_party/nxp/rt1176-sdk/middleware/mcu-boot/src/bm_usb/hid_bootloader.c.obj
                0x00000000202531c0                usb_device_hid_generic_callback
 .text.usb_device_hid_generic_set_configure
                0x0000000020253230       0x30 CMakeFiles/flashloader.dir/__/__/__/third_party/nxp/rt1176-sdk/middleware/mcu-boot/src/bm_usb/hid_bootloader.c.obj
                0x0000000020253230                usb_device_hid_generic_set_configure
 .text.usb_device_hid_generic_set_interface
                0x0000000020253260       0x24 CMakeFiles/flashloader.dir/__/__/__/third_party/nxp/rt1176-sdk/middleware/mcu-boot/src/bm_usb/hid_bootloader.c.obj
                0x0000000020253260                usb_device_hid_generic_set_interface
 .text.usb_device_hid_generic_init
                0x0000000020253284        0xc CMakeFiles/flashloader.dir/__/__/__/third_party/nxp/rt1176-sdk/middleware/mcu-boot/src/bm_usb/hid_bootloader.c.obj
                0x0000000020253284                usb_device_hid_generic_init
 .text.usb_device_hid_generic_deinit
                0x0000000020253290       0x10 CMakeFiles/flashloader.dir/__/__/__/third_party/nxp/rt1176-sdk/middleware/mcu-boot/src/bm_usb/hid_bootloader.c.obj
                0x0000000020253290                usb_device_hid_generic_deinit
 .text.usb_device_get_hid_descriptor
                0x00000000202532a0        0x4 CMakeFiles/flashloader.dir/__/__/__/third_party/nxp/rt1176-sdk/middleware/mcu-boot/src/bm_usb/usb_descriptor.c.obj
                0x00000000202532a0                usb_device_get_hid_descriptor
 .text.usb_device_get_hid_report_descriptor
                0x00000000202532a4       0x18 CMakeFiles/flashloader.dir/__/__/__/third_party/nxp/rt1176-sdk/middleware/mcu-boot/src/bm_usb/usb_descriptor.c.obj
                0x00000000202532a4                usb_device_get_hid_report_descriptor
 .text.usb_device_get_hid_physical_descriptor
                0x00000000202532bc        0x4 CMakeFiles/flashloader.dir/__/__/__/third_party/nxp/rt1176-sdk/middleware/mcu-boot/src/bm_usb/usb_descriptor.c.obj
                0x00000000202532bc                usb_device_get_hid_physical_descriptor
 .text.usb_device_get_device_descriptor
                0x00000000202532c0       0x10 CMakeFiles/flashloader.dir/__/__/__/third_party/nxp/rt1176-sdk/middleware/mcu-boot/src/bm_usb/usb_descriptor.c.obj
                0x00000000202532c0                usb_device_get_device_descriptor
 .text.usb_device_get_configuration_descriptor
                0x00000000202532d0       0x18 CMakeFiles/flashloader.dir/__/__/__/third_party/nxp/rt1176-sdk/middleware/mcu-boot/src/bm_usb/usb_descriptor.c.obj
                0x00000000202532d0                usb_device_get_configuration_descriptor
 .text.usb_device_get_string_descriptor
                0x00000000202532e8       0x40 CMakeFiles/flashloader.dir/__/__/__/third_party/nxp/rt1176-sdk/middleware/mcu-boot/src/bm_usb/usb_descriptor.c.obj
                0x00000000202532e8                usb_device_get_string_descriptor
 .text.usb_device_set_speed
                0x0000000020253328       0x6c CMakeFiles/flashloader.dir/__/__/__/third_party/nxp/rt1176-sdk/middleware/mcu-boot/src/bm_usb/usb_descriptor.c.obj
                0x0000000020253328                usb_device_set_speed
 .text.handle_execute
                0x0000000020253394       0xd0 CMakeFiles/flashloader.dir/__/__/__/third_party/nxp/rt1176-sdk/middleware/mcu-boot/src/bootloader/src/bl_command.c.obj
                0x0000000020253394                handle_execute
 .text.handle_call
                0x0000000020253464       0x26 CMakeFiles/flashloader.dir/__/__/__/third_party/nxp/rt1176-sdk/middleware/mcu-boot/src/bootloader/src/bl_command.c.obj
                0x0000000020253464                handle_call
 *fill*         0x000000002025348a        0x2 
 .text.handle_flash_program_once
                0x000000002025348c       0x54 CMakeFiles/flashloader.dir/__/__/__/third_party/nxp/rt1176-sdk/middleware/mcu-boot/src/bootloader/src/bl_command.c.obj
                0x000000002025348c                handle_flash_program_once
 .text.handle_flash_read_once
                0x00000000202534e0       0x34 CMakeFiles/flashloader.dir/__/__/__/third_party/nxp/rt1176-sdk/middleware/mcu-boot/src/bootloader/src/bl_command.c.obj
                0x00000000202534e0                handle_flash_read_once
 .text.handle_flash_read_resource
                0x0000000020253514       0x30 CMakeFiles/flashloader.dir/__/__/__/third_party/nxp/rt1176-sdk/middleware/mcu-boot/src/bootloader/src/bl_command.c.obj
                0x0000000020253514                handle_flash_read_resource
 .text.send_generic_response
                0x0000000020253544       0x28 CMakeFiles/flashloader.dir/__/__/__/third_party/nxp/rt1176-sdk/middleware/mcu-boot/src/bootloader/src/bl_command.c.obj
                0x0000000020253544                send_generic_response
 .text.send_get_property_response
                0x000000002025356c       0x48 CMakeFiles/flashloader.dir/__/__/__/third_party/nxp/rt1176-sdk/middleware/mcu-boot/src/bootloader/src/bl_command.c.obj
                0x000000002025356c                send_get_property_response
 .text.send_generate_key_blob_response
                0x00000000202535b4       0x28 CMakeFiles/flashloader.dir/__/__/__/third_party/nxp/rt1176-sdk/middleware/mcu-boot/src/bootloader/src/bl_command.c.obj
                0x00000000202535b4                send_generate_key_blob_response
 .text.send_read_memory_response
                0x00000000202535dc       0x28 CMakeFiles/flashloader.dir/__/__/__/third_party/nxp/rt1176-sdk/middleware/mcu-boot/src/bootloader/src/bl_command.c.obj
                0x00000000202535dc                send_read_memory_response
 .text.send_flash_read_once_response
                0x0000000020253604       0x44 CMakeFiles/flashloader.dir/__/__/__/third_party/nxp/rt1176-sdk/middleware/mcu-boot/src/bootloader/src/bl_command.c.obj
                0x0000000020253604                send_flash_read_once_response
 .text.send_flash_read_resource_response
                0x0000000020253648       0x28 CMakeFiles/flashloader.dir/__/__/__/third_party/nxp/rt1176-sdk/middleware/mcu-boot/src/bootloader/src/bl_command.c.obj
                0x0000000020253648                send_flash_read_resource_response
 .text.handle_key_provisioning
                0x0000000020253670       0xdc CMakeFiles/flashloader.dir/__/__/__/third_party/nxp/rt1176-sdk/middleware/mcu-boot/src/bootloader/src/bl_command.c.obj
                0x0000000020253670                handle_key_provisioning
 .text.send_key_provisioning_response
                0x000000002025374c       0x28 CMakeFiles/flashloader.dir/__/__/__/third_party/nxp/rt1176-sdk/middleware/mcu-boot/src/bootloader/src/bl_command.c.obj
                0x000000002025374c                send_key_provisioning_response
 .text.bootloader_command_init
                0x0000000020253774       0x10 CMakeFiles/flashloader.dir/__/__/__/third_party/nxp/rt1176-sdk/middleware/mcu-boot/src/bootloader/src/bl_command.c.obj
                0x0000000020253774                bootloader_command_init
 .text.reset_data_phase
                0x0000000020253784       0x14 CMakeFiles/flashloader.dir/__/__/__/third_party/nxp/rt1176-sdk/middleware/mcu-boot/src/bootloader/src/bl_command.c.obj
 .text.bootloader_command_pump
                0x0000000020253798       0xb8 CMakeFiles/flashloader.dir/__/__/__/third_party/nxp/rt1176-sdk/middleware/mcu-boot/src/bootloader/src/bl_command.c.obj
                0x0000000020253798                bootloader_command_pump
 .text.handle_reset
                0x0000000020253850       0x40 CMakeFiles/flashloader.dir/__/__/__/third_party/nxp/rt1176-sdk/middleware/mcu-boot/src/bootloader/src/bl_command.c.obj
                0x0000000020253850                handle_reset
 .text.handle_flash_erase_all
                0x0000000020253890       0x5e CMakeFiles/flashloader.dir/__/__/__/third_party/nxp/rt1176-sdk/middleware/mcu-boot/src/bootloader/src/bl_command.c.obj
                0x0000000020253890                handle_flash_erase_all
 *fill*         0x00000000202538ee        0x2 
 .text.handle_flash_erase_region
                0x00000000202538f0       0x20 CMakeFiles/flashloader.dir/__/__/__/third_party/nxp/rt1176-sdk/middleware/mcu-boot/src/bootloader/src/bl_command.c.obj
                0x00000000202538f0                handle_flash_erase_region
 .text.handle_receive_sb_file
                0x0000000020253910       0x2c CMakeFiles/flashloader.dir/__/__/__/third_party/nxp/rt1176-sdk/middleware/mcu-boot/src/bootloader/src/bl_command.c.obj
                0x0000000020253910                handle_receive_sb_file
 .text.handle_set_property
                0x000000002025393c       0x20 CMakeFiles/flashloader.dir/__/__/__/third_party/nxp/rt1176-sdk/middleware/mcu-boot/src/bootloader/src/bl_command.c.obj
                0x000000002025393c                handle_set_property
 .text.handle_configure_memory
                0x000000002025395c       0x16 CMakeFiles/flashloader.dir/__/__/__/third_party/nxp/rt1176-sdk/middleware/mcu-boot/src/bootloader/src/bl_command.c.obj
                0x000000002025395c                handle_configure_memory
 *fill*         0x0000000020253972        0x2 
 .text.handle_write_memory
                0x0000000020253974       0x30 CMakeFiles/flashloader.dir/__/__/__/third_party/nxp/rt1176-sdk/middleware/mcu-boot/src/bootloader/src/bl_command.c.obj
                0x0000000020253974                handle_write_memory
 .text.finalize_data_phase
                0x00000000202539a4       0x98 CMakeFiles/flashloader.dir/__/__/__/third_party/nxp/rt1176-sdk/middleware/mcu-boot/src/bootloader/src/bl_command.c.obj
                0x00000000202539a4                finalize_data_phase
 .text.handle_data_consumer
                0x0000000020253a3c      0x150 CMakeFiles/flashloader.dir/__/__/__/third_party/nxp/rt1176-sdk/middleware/mcu-boot/src/bootloader/src/bl_command.c.obj
                0x0000000020253a3c                handle_data_consumer
 .text.handle_data_producer
                0x0000000020253b8c      0x104 CMakeFiles/flashloader.dir/__/__/__/third_party/nxp/rt1176-sdk/middleware/mcu-boot/src/bootloader/src/bl_command.c.obj
                0x0000000020253b8c                handle_data_producer
 .text.handle_key_blob_data
                0x0000000020253c90       0x18 CMakeFiles/flashloader.dir/__/__/__/third_party/nxp/rt1176-sdk/middleware/mcu-boot/src/bootloader/src/bl_command.c.obj
                0x0000000020253c90                handle_key_blob_data
 .text.handle_data_bidirection
                0x0000000020253ca8       0x24 CMakeFiles/flashloader.dir/__/__/__/third_party/nxp/rt1176-sdk/middleware/mcu-boot/src/bootloader/src/bl_command.c.obj
                0x0000000020253ca8                handle_data_bidirection
 .text.handle_fill_memory
                0x0000000020253ccc       0x20 CMakeFiles/flashloader.dir/__/__/__/third_party/nxp/rt1176-sdk/middleware/mcu-boot/src/bootloader/src/bl_command.c.obj
                0x0000000020253ccc                handle_fill_memory
 .text.handle_get_property
                0x0000000020253cec       0x30 CMakeFiles/flashloader.dir/__/__/__/third_party/nxp/rt1176-sdk/middleware/mcu-boot/src/bootloader/src/bl_command.c.obj
                0x0000000020253cec                handle_get_property
 .text.handle_generate_key_blob
                0x0000000020253d1c       0x98 CMakeFiles/flashloader.dir/__/__/__/third_party/nxp/rt1176-sdk/middleware/mcu-boot/src/bootloader/src/bl_command.c.obj
                0x0000000020253d1c                handle_generate_key_blob
 .text.handle_read_memory
                0x0000000020253db4       0x30 CMakeFiles/flashloader.dir/__/__/__/third_party/nxp/rt1176-sdk/middleware/mcu-boot/src/bootloader/src/bl_command.c.obj
                0x0000000020253db4                handle_read_memory
 .text.HardFault_Handler
                0x0000000020253de4       0x24 CMakeFiles/flashloader.dir/__/__/__/third_party/nxp/rt1176-sdk/middleware/mcu-boot/src/bootloader/src/bl_exception_handler.c.obj
                0x0000000020253de4                HardFault_Handler
 .text.is_valid_application_location.part.0
                0x0000000020253e08       0x1e CMakeFiles/flashloader.dir/__/__/__/third_party/nxp/rt1176-sdk/middleware/mcu-boot/src/bootloader/src/bl_main.c.obj
 *fill*         0x0000000020253e26        0x2 
 .text.is_valid_application_location
                0x0000000020253e28       0x18 CMakeFiles/flashloader.dir/__/__/__/third_party/nxp/rt1176-sdk/middleware/mcu-boot/src/bootloader/src/bl_main.c.obj
                0x0000000020253e28                is_valid_application_location
 .text.is_valid_stackpointer_location
                0x0000000020253e40       0x30 CMakeFiles/flashloader.dir/__/__/__/third_party/nxp/rt1176-sdk/middleware/mcu-boot/src/bootloader/src/bl_main.c.obj
                0x0000000020253e40                is_valid_stackpointer_location
 .text.startup.main
                0x0000000020253e70       0xd0 CMakeFiles/flashloader.dir/__/__/__/third_party/nxp/rt1176-sdk/middleware/mcu-boot/src/bootloader/src/bl_main.c.obj
                0x0000000020253e70                main
 .text.shutdown_cleanup
                0x0000000020253f40       0x4c CMakeFiles/flashloader.dir/__/__/__/third_party/nxp/rt1176-sdk/middleware/mcu-boot/src/bootloader/src/bl_shutdown_cleanup.c.obj
                0x0000000020253f40                shutdown_cleanup
 .text.lpuart_full_shutdown
                0x0000000020253f8c       0x3c CMakeFiles/flashloader.dir/__/__/__/third_party/nxp/rt1176-sdk/middleware/mcu-boot/src/bootloader/src/lpuart_peripheral_interface.c.obj
 .text.lpuart_full_init
                0x0000000020253fc8       0x20 CMakeFiles/flashloader.dir/__/__/__/third_party/nxp/rt1176-sdk/middleware/mcu-boot/src/bootloader/src/lpuart_peripheral_interface.c.obj
 .text.lpuart_poll_for_activity
                0x0000000020253fe8       0x90 CMakeFiles/flashloader.dir/__/__/__/third_party/nxp/rt1176-sdk/middleware/mcu-boot/src/bootloader/src/lpuart_peripheral_interface.c.obj
 .text.lpuart_write
                0x0000000020254078       0x18 CMakeFiles/flashloader.dir/__/__/__/third_party/nxp/rt1176-sdk/middleware/mcu-boot/src/bootloader/src/lpuart_peripheral_interface.c.obj
 .text.LPUART1_IRQHandler
                0x0000000020254090       0x28 CMakeFiles/flashloader.dir/__/__/__/third_party/nxp/rt1176-sdk/middleware/mcu-boot/src/bootloader/src/lpuart_peripheral_interface.c.obj
                0x0000000020254090                LPUART1_IRQHandler
 .text.usb_hid_poll_for_activity
                0x00000000202540b8       0x24 CMakeFiles/flashloader.dir/__/__/__/third_party/nxp/rt1176-sdk/middleware/mcu-boot/src/bootloader/src/usb_hid_msc_peripheral_interface.c.obj
 .text.usb_msc_pump
                0x00000000202540dc       0x10 CMakeFiles/flashloader.dir/__/__/__/third_party/nxp/rt1176-sdk/middleware/mcu-boot/src/bootloader/src/usb_hid_msc_peripheral_interface.c.obj
 .text.usb_hid_packet_abort_data_phase
                0x00000000202540ec       0x14 CMakeFiles/flashloader.dir/__/__/__/third_party/nxp/rt1176-sdk/middleware/mcu-boot/src/bootloader/src/usb_hid_msc_peripheral_interface.c.obj
 .text.usb_hid_packet_finalize
                0x0000000020254100        0x4 CMakeFiles/flashloader.dir/__/__/__/third_party/nxp/rt1176-sdk/middleware/mcu-boot/src/bootloader/src/usb_hid_msc_peripheral_interface.c.obj
 .text.usb_hid_packet_get_max_packet_size
                0x0000000020254104        0x6 CMakeFiles/flashloader.dir/__/__/__/third_party/nxp/rt1176-sdk/middleware/mcu-boot/src/bootloader/src/usb_hid_msc_peripheral_interface.c.obj
 *fill*         0x000000002025410a        0x2 
 .text.usb_hid_packet_init
                0x000000002025410c       0x28 CMakeFiles/flashloader.dir/__/__/__/third_party/nxp/rt1176-sdk/middleware/mcu-boot/src/bootloader/src/usb_hid_msc_peripheral_interface.c.obj
 .text.usb_hid_packet_write
                0x0000000020254134       0x9c CMakeFiles/flashloader.dir/__/__/__/third_party/nxp/rt1176-sdk/middleware/mcu-boot/src/bootloader/src/usb_hid_msc_peripheral_interface.c.obj
 .text.usb_hid_packet_read
                0x00000000202541d0       0xa4 CMakeFiles/flashloader.dir/__/__/__/third_party/nxp/rt1176-sdk/middleware/mcu-boot/src/bootloader/src/usb_hid_msc_peripheral_interface.c.obj
 .text.usb_device_full_shutdown
                0x0000000020254274       0x90 CMakeFiles/flashloader.dir/__/__/__/third_party/nxp/rt1176-sdk/middleware/mcu-boot/src/bootloader/src/usb_hid_msc_peripheral_interface.c.obj
 .text.usb_device_full_init
                0x0000000020254304       0xc0 CMakeFiles/flashloader.dir/__/__/__/third_party/nxp/rt1176-sdk/middleware/mcu-boot/src/bootloader/src/usb_hid_msc_peripheral_interface.c.obj
 .text.usb_device_callback
                0x00000000202543c4       0xf4 CMakeFiles/flashloader.dir/__/__/__/third_party/nxp/rt1176-sdk/middleware/mcu-boot/src/bootloader/src/usb_hid_msc_peripheral_interface.c.obj
                0x00000000202543c4                usb_device_callback
 .text.USB_OTG1_IRQHandler
                0x00000000202544b8        0xc CMakeFiles/flashloader.dir/__/__/__/third_party/nxp/rt1176-sdk/middleware/mcu-boot/src/bootloader/src/usb_hid_msc_peripheral_interface.c.obj
                0x00000000202544b8                USB_OTG1_IRQHandler
 .text.crc16_init
                0x00000000202544c4        0x6 CMakeFiles/flashloader.dir/__/__/__/third_party/nxp/rt1176-sdk/middleware/mcu-boot/src/crc/src/crc16.c.obj
                0x00000000202544c4                crc16_init
 .text.crc16_update
                0x00000000202544ca       0x2e CMakeFiles/flashloader.dir/__/__/__/third_party/nxp/rt1176-sdk/middleware/mcu-boot/src/crc/src/crc16.c.obj
                0x00000000202544ca                crc16_update
 .text.crc16_finalize
                0x00000000202544f8        0x6 CMakeFiles/flashloader.dir/__/__/__/third_party/nxp/rt1176-sdk/middleware/mcu-boot/src/crc/src/crc16.c.obj
                0x00000000202544f8                crc16_finalize
 .text.crc16_onfi_init
                0x00000000202544fe        0x8 CMakeFiles/flashloader.dir/__/__/__/third_party/nxp/rt1176-sdk/middleware/mcu-boot/src/crc/src/crc16.c.obj
                0x00000000202544fe                crc16_onfi_init
 .text.crc16_onfi_update
                0x0000000020254506       0x2e CMakeFiles/flashloader.dir/__/__/__/third_party/nxp/rt1176-sdk/middleware/mcu-boot/src/crc/src/crc16.c.obj
                0x0000000020254506                crc16_onfi_update
 .text.crc32_init
                0x0000000020254534        0xc CMakeFiles/flashloader.dir/__/__/__/third_party/nxp/rt1176-sdk/middleware/mcu-boot/src/crc/src/crc32.c.obj
                0x0000000020254534                crc32_init
 .text.crc32_update
                0x0000000020254540       0x2c CMakeFiles/flashloader.dir/__/__/__/third_party/nxp/rt1176-sdk/middleware/mcu-boot/src/crc/src/crc32.c.obj
                0x0000000020254540                crc32_update
 .text.crc32_finalize
                0x000000002025456c       0x28 CMakeFiles/flashloader.dir/__/__/__/third_party/nxp/rt1176-sdk/middleware/mcu-boot/src/crc/src/crc32.c.obj
                0x000000002025456c                crc32_finalize
 .text.flexspi_swreset
                0x0000000020254594       0x10 CMakeFiles/flashloader.dir/__/__/__/third_party/nxp/rt1176-sdk/middleware/mcu-boot/src/drivers/flexspi/bl_flexspi.c.obj
 .text.flexspi_wait_until_ip_idle
                0x00000000202545a4       0x12 CMakeFiles/flashloader.dir/__/__/__/third_party/nxp/rt1176-sdk/middleware/mcu-boot/src/drivers/flexspi/bl_flexspi.c.obj
 .text.flexspi_is_parallel_mode
                0x00000000202545b6        0x8 CMakeFiles/flashloader.dir/__/__/__/third_party/nxp/rt1176-sdk/middleware/mcu-boot/src/drivers/flexspi/bl_flexspi.c.obj
                0x00000000202545b6                flexspi_is_parallel_mode
 .text.flexspi_is_differential_clock_enable
                0x00000000202545be        0x8 CMakeFiles/flashloader.dir/__/__/__/third_party/nxp/rt1176-sdk/middleware/mcu-boot/src/drivers/flexspi/bl_flexspi.c.obj
                0x00000000202545be                flexspi_is_differential_clock_enable
 .text.flexspi_is_word_addressable
                0x00000000202545c6        0x8 CMakeFiles/flashloader.dir/__/__/__/third_party/nxp/rt1176-sdk/middleware/mcu-boot/src/drivers/flexspi/bl_flexspi.c.obj
                0x00000000202545c6                flexspi_is_word_addressable
 .text.flexspi_is_ck2_enabled
                0x00000000202545ce        0x8 CMakeFiles/flashloader.dir/__/__/__/third_party/nxp/rt1176-sdk/middleware/mcu-boot/src/drivers/flexspi/bl_flexspi.c.obj
                0x00000000202545ce                flexspi_is_ck2_enabled
 .text.flexspi_is_ddr_mode_enable
                0x00000000202545d6        0x8 CMakeFiles/flashloader.dir/__/__/__/third_party/nxp/rt1176-sdk/middleware/mcu-boot/src/drivers/flexspi/bl_flexspi.c.obj
                0x00000000202545d6                flexspi_is_ddr_mode_enable
 *fill*         0x00000000202545de        0x2 
 .text.flexspi_configure_dll
                0x00000000202545e0      0x12c CMakeFiles/flashloader.dir/__/__/__/third_party/nxp/rt1176-sdk/middleware/mcu-boot/src/drivers/flexspi/bl_flexspi.c.obj
                0x00000000202545e0                flexspi_configure_dll
 .text.flexspi_get_ticks
                0x000000002025470c       0x30 CMakeFiles/flashloader.dir/__/__/__/third_party/nxp/rt1176-sdk/middleware/mcu-boot/src/drivers/flexspi/bl_flexspi.c.obj
                0x000000002025470c                flexspi_get_ticks
 .text.flexspi_config_mcr1
                0x000000002025473c       0x80 CMakeFiles/flashloader.dir/__/__/__/third_party/nxp/rt1176-sdk/middleware/mcu-boot/src/drivers/flexspi/bl_flexspi.c.obj
                0x000000002025473c                flexspi_config_mcr1
 .text.flexspi_config_flash_control_registers
                0x00000000202547bc       0xc4 CMakeFiles/flashloader.dir/__/__/__/third_party/nxp/rt1176-sdk/middleware/mcu-boot/src/drivers/flexspi/bl_flexspi.c.obj
                0x00000000202547bc                flexspi_config_flash_control_registers
 .text.flexspi_config_ahb_buffers
                0x0000000020254880       0x54 CMakeFiles/flashloader.dir/__/__/__/third_party/nxp/rt1176-sdk/middleware/mcu-boot/src/drivers/flexspi/bl_flexspi.c.obj
                0x0000000020254880                flexspi_config_ahb_buffers
 .text.flexspi_update_lut
                0x00000000202548d4       0x68 CMakeFiles/flashloader.dir/__/__/__/third_party/nxp/rt1176-sdk/middleware/mcu-boot/src/drivers/flexspi/bl_flexspi.c.obj
                0x00000000202548d4                flexspi_update_lut
 .text.flexspi_wait_idle
                0x000000002025493c       0x1c CMakeFiles/flashloader.dir/__/__/__/third_party/nxp/rt1176-sdk/middleware/mcu-boot/src/drivers/flexspi/bl_flexspi.c.obj
                0x000000002025493c                flexspi_wait_idle
 .text.flexspi_clear_cache
                0x0000000020254958       0x18 CMakeFiles/flashloader.dir/__/__/__/third_party/nxp/rt1176-sdk/middleware/mcu-boot/src/drivers/flexspi/bl_flexspi.c.obj
                0x0000000020254958                flexspi_clear_cache
 .text.flexspi_clear_sequence_pointer
                0x0000000020254970       0x2c CMakeFiles/flashloader.dir/__/__/__/third_party/nxp/rt1176-sdk/middleware/mcu-boot/src/drivers/flexspi/bl_flexspi.c.obj
                0x0000000020254970                flexspi_clear_sequence_pointer
 .text.flexspi_command_xfer
                0x000000002025499c      0x218 CMakeFiles/flashloader.dir/__/__/__/third_party/nxp/rt1176-sdk/middleware/mcu-boot/src/drivers/flexspi/bl_flexspi.c.obj
                0x000000002025499c                flexspi_command_xfer
 .text.flexspi_device_write_enable
                0x0000000020254bb4       0x58 CMakeFiles/flashloader.dir/__/__/__/third_party/nxp/rt1176-sdk/middleware/mcu-boot/src/drivers/flexspi/bl_flexspi.c.obj
                0x0000000020254bb4                flexspi_device_write_enable
 .text.flexspi_device_wait_busy
                0x0000000020254c0c       0xf0 CMakeFiles/flashloader.dir/__/__/__/third_party/nxp/rt1176-sdk/middleware/mcu-boot/src/drivers/flexspi/bl_flexspi.c.obj
                0x0000000020254c0c                flexspi_device_wait_busy
 .text.flexspi_init
                0x0000000020254cfc      0x304 CMakeFiles/flashloader.dir/__/__/__/third_party/nxp/rt1176-sdk/middleware/mcu-boot/src/drivers/flexspi/bl_flexspi.c.obj
                0x0000000020254cfc                flexspi_init
 .text.flexspi_half_clock_control
                0x0000000020255000       0x28 CMakeFiles/flashloader.dir/__/__/__/third_party/nxp/rt1176-sdk/middleware/mcu-boot/src/drivers/flexspi/bl_flexspi.c.obj
                0x0000000020255000                flexspi_half_clock_control
 .text.flexspi_nand_check_error_status
                0x0000000020255028       0x5e CMakeFiles/flashloader.dir/__/__/__/third_party/nxp/rt1176-sdk/middleware/mcu-boot/src/drivers/flexspi_nand/flexspi_nand_flash.c.obj
 .text.flexspi_nand_check_ecc_status
                0x0000000020255086       0x86 CMakeFiles/flashloader.dir/__/__/__/third_party/nxp/rt1176-sdk/middleware/mcu-boot/src/drivers/flexspi_nand/flexspi_nand_flash.c.obj
 .text.flexspi_nand_init
                0x000000002025510c       0x26 CMakeFiles/flashloader.dir/__/__/__/third_party/nxp/rt1176-sdk/middleware/mcu-boot/src/drivers/flexspi_nand/flexspi_nand_flash.c.obj
                0x000000002025510c                flexspi_nand_init
 *fill*         0x0000000020255132        0x2 
 .text.flexspi_nand_read_page
                0x0000000020255134      0x154 CMakeFiles/flashloader.dir/__/__/__/third_party/nxp/rt1176-sdk/middleware/mcu-boot/src/drivers/flexspi_nand/flexspi_nand_flash.c.obj
                0x0000000020255134                flexspi_nand_read_page
 .text.flexspi_nand_erase_block
                0x0000000020255288       0xc4 CMakeFiles/flashloader.dir/__/__/__/third_party/nxp/rt1176-sdk/middleware/mcu-boot/src/drivers/flexspi_nand/flexspi_nand_flash.c.obj
                0x0000000020255288                flexspi_nand_erase_block
 .text.flexspi_nand_program_page
                0x000000002025534c      0x14a CMakeFiles/flashloader.dir/__/__/__/third_party/nxp/rt1176-sdk/middleware/mcu-boot/src/drivers/flexspi_nand/flexspi_nand_flash.c.obj
                0x000000002025534c                flexspi_nand_program_page
 *fill*         0x0000000020255496        0x2 
 .text.flexspi_nand_get_config
                0x0000000020255498      0x248 CMakeFiles/flashloader.dir/__/__/__/third_party/nxp/rt1176-sdk/middleware/mcu-boot/src/drivers/flexspi_nand/flexspi_nand_flash.c.obj
                0x0000000020255498                flexspi_nand_get_config
 .text.flexspi_nor_wait_busy
                0x00000000202556e0       0x5c CMakeFiles/flashloader.dir/__/__/__/third_party/nxp/rt1176-sdk/middleware/mcu-boot/src/drivers/flexspi_nor/flexspi_nor_flash.c.obj
 .text.flexspi_change_serial_clock
                0x000000002025573c       0x9a CMakeFiles/flashloader.dir/__/__/__/third_party/nxp/rt1176-sdk/middleware/mcu-boot/src/drivers/flexspi_nor/flexspi_nor_flash.c.obj
 .text.flexspi_nor_read_sfdp.part.0
                0x00000000202557d6       0x34 CMakeFiles/flashloader.dir/__/__/__/third_party/nxp/rt1176-sdk/middleware/mcu-boot/src/drivers/flexspi_nor/flexspi_nor_flash.c.obj
 .text.flexspi_nor_write_enable
                0x000000002025580a       0x9c CMakeFiles/flashloader.dir/__/__/__/third_party/nxp/rt1176-sdk/middleware/mcu-boot/src/drivers/flexspi_nor/flexspi_nor_flash.c.obj
 .text.flexspi_nor_restore_no_cmd_mode
                0x00000000202558a6       0x44 CMakeFiles/flashloader.dir/__/__/__/third_party/nxp/rt1176-sdk/middleware/mcu-boot/src/drivers/flexspi_nor/flexspi_nor_flash.c.obj
 *fill*         0x00000000202558ea        0x2 
 .text.flexspi_nor_read_sfdp_info
                0x00000000202558ec       0xf4 CMakeFiles/flashloader.dir/__/__/__/third_party/nxp/rt1176-sdk/middleware/mcu-boot/src/drivers/flexspi_nor/flexspi_nor_flash.c.obj
 .text.flexspi_nor_flash_init
                0x00000000202559e0       0x28 CMakeFiles/flashloader.dir/__/__/__/third_party/nxp/rt1176-sdk/middleware/mcu-boot/src/drivers/flexspi_nor/flexspi_nor_flash.c.obj
                0x00000000202559e0                flexspi_nor_flash_init
 .text.flexspi_nor_generate_config_block_hyperflash
                0x0000000020255a08      0x298 CMakeFiles/flashloader.dir/__/__/__/third_party/nxp/rt1176-sdk/middleware/mcu-boot/src/drivers/flexspi_nor/flexspi_nor_flash.c.obj
 .text.flexspi_nor_flash_page_program
                0x0000000020255ca0       0xc4 CMakeFiles/flashloader.dir/__/__/__/third_party/nxp/rt1176-sdk/middleware/mcu-boot/src/drivers/flexspi_nor/flexspi_nor_flash.c.obj
                0x0000000020255ca0                flexspi_nor_flash_page_program
 .text.flexspi_nor_flash_erase_all
                0x0000000020255d64      0x102 CMakeFiles/flashloader.dir/__/__/__/third_party/nxp/rt1176-sdk/middleware/mcu-boot/src/drivers/flexspi_nor/flexspi_nor_flash.c.obj
                0x0000000020255d64                flexspi_nor_flash_erase_all
 .text.flexspi_nor_flash_erase_sector
                0x0000000020255e66       0xb4 CMakeFiles/flashloader.dir/__/__/__/third_party/nxp/rt1176-sdk/middleware/mcu-boot/src/drivers/flexspi_nor/flexspi_nor_flash.c.obj
                0x0000000020255e66                flexspi_nor_flash_erase_sector
 .text.flexspi_nor_flash_erase_block
                0x0000000020255f1a       0xb4 CMakeFiles/flashloader.dir/__/__/__/third_party/nxp/rt1176-sdk/middleware/mcu-boot/src/drivers/flexspi_nor/flexspi_nor_flash.c.obj
                0x0000000020255f1a                flexspi_nor_flash_erase_block
 .text.get_page_sector_block_size_from_sfdp
                0x0000000020255fce      0x11a CMakeFiles/flashloader.dir/__/__/__/third_party/nxp/rt1176-sdk/middleware/mcu-boot/src/drivers/flexspi_nor/flexspi_nor_flash.c.obj
                0x0000000020255fce                get_page_sector_block_size_from_sfdp
 .text.flexspi_nor_flash_erase
                0x00000000202560e8       0x86 CMakeFiles/flashloader.dir/__/__/__/third_party/nxp/rt1176-sdk/middleware/mcu-boot/src/drivers/flexspi_nor/flexspi_nor_flash.c.obj
                0x00000000202560e8                flexspi_nor_flash_erase
 .text.flexspi_nor_flash_read
                0x000000002025616e       0x5e CMakeFiles/flashloader.dir/__/__/__/third_party/nxp/rt1176-sdk/middleware/mcu-boot/src/drivers/flexspi_nor/flexspi_nor_flash.c.obj
                0x000000002025616e                flexspi_nor_flash_read
 .text.flexspi_nor_restore_spi_protocol
                0x00000000202561cc      0x144 CMakeFiles/flashloader.dir/__/__/__/third_party/nxp/rt1176-sdk/middleware/mcu-boot/src/drivers/flexspi_nor/flexspi_nor_flash.c.obj
                0x00000000202561cc                flexspi_nor_restore_spi_protocol
 .text.flexspi_nor_get_config
                0x0000000020256310     0x10e0 CMakeFiles/flashloader.dir/__/__/__/third_party/nxp/rt1176-sdk/middleware/mcu-boot/src/drivers/flexspi_nor/flexspi_nor_flash.c.obj
                0x0000000020256310                flexspi_nor_get_config
 .text.microseconds_shutdown
                0x00000000202573f0       0x24 CMakeFiles/flashloader.dir/__/__/__/third_party/nxp/rt1176-sdk/middleware/mcu-boot/src/drivers/microseconds/src/microseconds_pit.c.obj
                0x00000000202573f0                microseconds_shutdown
 .text.microseconds_get_ticks
                0x0000000020257414       0x1c CMakeFiles/flashloader.dir/__/__/__/third_party/nxp/rt1176-sdk/middleware/mcu-boot/src/drivers/microseconds/src/microseconds_pit.c.obj
                0x0000000020257414                microseconds_get_ticks
 .text.microseconds_convert_to_ticks
                0x0000000020257430       0x18 CMakeFiles/flashloader.dir/__/__/__/third_party/nxp/rt1176-sdk/middleware/mcu-boot/src/drivers/microseconds/src/microseconds_pit.c.obj
                0x0000000020257430                microseconds_convert_to_ticks
 .text.microseconds_delay
                0x0000000020257448       0x30 CMakeFiles/flashloader.dir/__/__/__/third_party/nxp/rt1176-sdk/middleware/mcu-boot/src/drivers/microseconds/src/microseconds_pit.c.obj
                0x0000000020257448                microseconds_delay
 .text.microseconds_init
                0x0000000020257478       0x90 CMakeFiles/flashloader.dir/__/__/__/third_party/nxp/rt1176-sdk/middleware/mcu-boot/src/drivers/microseconds/src/microseconds_pit.c.obj